Archive member included to satisfy reference by file (symbol)

d:/gcc-arm-none-eabi-10.3-2021.10-win32/gcc-arm-none-eabi-10.3-2021.10/bin/../lib/gcc/arm-none-eabi/10.3.1/thumb/v7-m/nofp\libgcc.a(_arm_muldf3.o)
                              CMakeFiles/robocon.elf.dir/Application/Scr/pid_vec_follow.c.obj (__aeabi_dmul)
d:/gcc-arm-none-eabi-10.3-2021.10-win32/gcc-arm-none-eabi-10.3-2021.10/bin/../lib/gcc/arm-none-eabi/10.3.1/thumb/v7-m/nofp\libgcc.a(_arm_mulsf3.o)
                              CMakeFiles/robocon.elf.dir/Bottom/Scr/gyro.c.obj (__aeabi_fmul)
d:/gcc-arm-none-eabi-10.3-2021.10-win32/gcc-arm-none-eabi-10.3-2021.10/bin/../lib/gcc/arm-none-eabi/10.3.1/thumb/v7-m/nofp\libgcc.a(_arm_addsubdf3.o)
                              CMakeFiles/robocon.elf.dir/Application/Scr/pid_vec_follow.c.obj (__aeabi_dsub)
d:/gcc-arm-none-eabi-10.3-2021.10-win32/gcc-arm-none-eabi-10.3-2021.10/bin/../lib/gcc/arm-none-eabi/10.3.1/thumb/v7-m/nofp\libgcc.a(_arm_muldivdf3.o)
                              CMakeFiles/robocon.elf.dir/Application/Scr/pid_vec_follow.c.obj (__aeabi_ddiv)
d:/gcc-arm-none-eabi-10.3-2021.10-win32/gcc-arm-none-eabi-10.3-2021.10/bin/../lib/gcc/arm-none-eabi/10.3.1/thumb/v7-m/nofp\libgcc.a(_arm_fixdfsi.o)
                              CMakeFiles/robocon.elf.dir/Task/Scr/pid_task.c.obj (__aeabi_d2iz)
d:/gcc-arm-none-eabi-10.3-2021.10-win32/gcc-arm-none-eabi-10.3-2021.10/bin/../lib/gcc/arm-none-eabi/10.3.1/thumb/v7-m/nofp\libgcc.a(_arm_truncdfsf2.o)
                              CMakeFiles/robocon.elf.dir/Application/Scr/pid_cascade.c.obj (__aeabi_d2f)
d:/gcc-arm-none-eabi-10.3-2021.10-win32/gcc-arm-none-eabi-10.3-2021.10/bin/../lib/gcc/arm-none-eabi/10.3.1/thumb/v7-m/nofp\libgcc.a(_arm_addsubsf3.o)
                              CMakeFiles/robocon.elf.dir/Bottom/Scr/gyro.c.obj (__aeabi_fsub)
d:/gcc-arm-none-eabi-10.3-2021.10-win32/gcc-arm-none-eabi-10.3-2021.10/bin/../lib/gcc/arm-none-eabi/10.3.1/thumb/v7-m/nofp\libgcc.a(_arm_muldivsf3.o)
                              CMakeFiles/robocon.elf.dir/Bottom/Scr/kalman.c.obj (__aeabi_fdiv)
d:/gcc-arm-none-eabi-10.3-2021.10-win32/gcc-arm-none-eabi-10.3-2021.10/bin/../lib/gcc/arm-none-eabi/10.3.1/thumb/v7-m/nofp\libgcc.a(_arm_cmpsf2.o)
                              CMakeFiles/robocon.elf.dir/Bottom/Scr/pid.c.obj (__aeabi_fcmpeq)
d:/gcc-arm-none-eabi-10.3-2021.10-win32/gcc-arm-none-eabi-10.3-2021.10/bin/../lib/gcc/arm-none-eabi/10.3.1/thumb/v7-m/nofp\libgcc.a(_arm_fixsfsi.o)
                              CMakeFiles/robocon.elf.dir/Task/Scr/motor_task.c.obj (__aeabi_f2iz)
d:/gcc-arm-none-eabi-10.3-2021.10-win32/gcc-arm-none-eabi-10.3-2021.10/bin/../lib/gcc/arm-none-eabi/10.3.1/../../../../arm-none-eabi/lib/thumb/v7-m/nofp\libg.a(lib_a-errno.o)
                              CMakeFiles/robocon.elf.dir/Core/Src/syscalls.c.obj (__errno)
d:/gcc-arm-none-eabi-10.3-2021.10-win32/gcc-arm-none-eabi-10.3-2021.10/bin/../lib/gcc/arm-none-eabi/10.3.1/../../../../arm-none-eabi/lib/thumb/v7-m/nofp\libg.a(lib_a-exit.o)
                              d:/gcc-arm-none-eabi-10.3-2021.10-win32/gcc-arm-none-eabi-10.3-2021.10/bin/../lib/gcc/arm-none-eabi/10.3.1/../../../../arm-none-eabi/lib/thumb/v7-m/nofp/crt0.o (exit)
d:/gcc-arm-none-eabi-10.3-2021.10-win32/gcc-arm-none-eabi-10.3-2021.10/bin/../lib/gcc/arm-none-eabi/10.3.1/../../../../arm-none-eabi/lib/thumb/v7-m/nofp\libg.a(lib_a-impure.o)
                              d:/gcc-arm-none-eabi-10.3-2021.10-win32/gcc-arm-none-eabi-10.3-2021.10/bin/../lib/gcc/arm-none-eabi/10.3.1/../../../../arm-none-eabi/lib/thumb/v7-m/nofp\libg.a(lib_a-exit.o) (_global_impure_ptr)
d:/gcc-arm-none-eabi-10.3-2021.10-win32/gcc-arm-none-eabi-10.3-2021.10/bin/../lib/gcc/arm-none-eabi/10.3.1/../../../../arm-none-eabi/lib/thumb/v7-m/nofp\libg.a(lib_a-init.o)
                              d:/gcc-arm-none-eabi-10.3-2021.10-win32/gcc-arm-none-eabi-10.3-2021.10/bin/../lib/gcc/arm-none-eabi/10.3.1/../../../../arm-none-eabi/lib/thumb/v7-m/nofp/crt0.o (__libc_init_array)
d:/gcc-arm-none-eabi-10.3-2021.10-win32/gcc-arm-none-eabi-10.3-2021.10/bin/../lib/gcc/arm-none-eabi/10.3.1/../../../../arm-none-eabi/lib/thumb/v7-m/nofp\libg.a(lib_a-memcpy.o)
                              CMakeFiles/robocon.elf.dir/Middlewares/Third_Party/FreeRTOS/Source/CMSIS_RTOS_V2/cmsis_os2.c.obj (memcpy)
d:/gcc-arm-none-eabi-10.3-2021.10-win32/gcc-arm-none-eabi-10.3-2021.10/bin/../lib/gcc/arm-none-eabi/10.3.1/../../../../arm-none-eabi/lib/thumb/v7-m/nofp\libg.a(lib_a-memset.o)
                              d:/gcc-arm-none-eabi-10.3-2021.10-win32/gcc-arm-none-eabi-10.3-2021.10/bin/../lib/gcc/arm-none-eabi/10.3.1/../../../../arm-none-eabi/lib/thumb/v7-m/nofp/crt0.o (memset)
d:/gcc-arm-none-eabi-10.3-2021.10-win32/gcc-arm-none-eabi-10.3-2021.10/bin/../lib/gcc/arm-none-eabi/10.3.1/../../../../arm-none-eabi/lib/thumb/v7-m/nofp\libg.a(lib_a-strtod.o)
                              CMakeFiles/robocon.elf.dir/Bottom/Scr/set_target.c.obj (strtof)
[...]
Memory Configuration

Name             Origin             Length             Attributes
RAM              0x20000000         0x00005000         xrw
FLASH            0x08000000         0x00010000         xr
*default*        0x00000000         0xffffffff

Linker script and memory map

LOAD d:/gcc-arm-none-eabi-10.3-2021.10-win32/gcc-arm-none-eabi-10.3-2021.10/bin/../lib/gcc/arm-none-eabi/10.3.1/thumb/v7-m/nofp/crti.o
LOAD d:/gcc-arm-none-eabi-10.3-2021.10-win32/gcc-arm-none-eabi-10.3-2021.10/bin/../lib/gcc/arm-none-eabi/10.3.1/thumb/v7-m/nofp/crtbegin.o
LOAD d:/gcc-arm-none-eabi-10.3-2021.10-win32/gcc-arm-none-eabi-10.3-2021.10/bin/../lib/gcc/arm-none-eabi/10.3.1/../../../../arm-none-eabi/lib/thumb/v7-m/nofp/crt0.o
LOAD CMakeFiles/robocon.elf.dir/Application/Scr/pid_cascade.c.obj
LOAD CMakeFiles/robocon.elf.dir/Application/Scr/pid_pos.c.obj
LOAD CMakeFiles/robocon.elf.dir/Application/Scr/pid_pos_follow.c.obj
LOAD CMakeFiles/robocon.elf.dir/Application/Scr/pid_pos_gyro.c.obj
LOAD CMakeFiles/robocon.elf.dir/Application/Scr/pid_vec.c.obj
LOAD CMakeFiles/robocon.elf.dir/Application/Scr/pid_vec_follow.c.obj
LOAD CMakeFiles/robocon.elf.dir/Bottom/Scr/debug.c.obj
LOAD CMakeFiles/robocon.elf.dir/Bottom/Scr/encodor.c.obj
LOAD CMakeFiles/robocon.elf.dir/Bottom/Scr/gyro.c.obj
LOAD CMakeFiles/robocon.elf.dir/Bottom/Scr/kalman.c.obj
LOAD CMakeFiles/robocon.elf.dir/Bottom/Scr/motor.c.obj
LOAD CMakeFiles/robocon.elf.dir/Bottom/Scr/pid.c.obj
LOAD CMakeFiles/robocon.elf.dir/Bottom/Scr/roboinit.c.obj
LOAD CMakeFiles/robocon.elf.dir/Bottom/Scr/set_target.c.obj
LOAD CMakeFiles/robocon.elf.dir/Core/Src/adc.c.obj
LOAD CMakeFiles/robocon.elf.dir/Core/Src/dma.c.obj
LOAD CMakeFiles/robocon.elf.dir/Core/Src/freertos.c.obj
LOAD CMakeFiles/robocon.elf.dir/Core/Src/gpio.c.obj
LOAD CMakeFiles/robocon.elf.dir/Core/Src/main.c.obj
LOAD CMakeFiles/robocon.elf.dir/Core/Src/stm32f1xx_hal_msp.c.obj
LOAD CMakeFiles/robocon.elf.dir/Core/Src/stm32f1xx_hal_timebase_tim.c.obj
LOAD CMakeFiles/robocon.elf.dir/Core/Src/stm32f1xx_it.c.obj
LOAD CMakeFiles/robocon.elf.dir/Core/Src/syscalls.c.obj
LOAD CMakeFiles/robocon.elf.dir/Core/Src/sysmem.c.obj
LOAD CMakeFiles/robocon.elf.dir/Core/Src/system_stm32f1xx.c.obj
LOAD CMakeFiles/robocon.elf.dir/Core/Src/tim.c.obj
LOAD CMakeFiles/robocon.elf.dir/Core/Src/usart.c.obj
LOAD CMakeFiles/robocon.elf.dir/Core/Startup/startup_stm32f103c8tx.s.obj
LOAD CMakeFiles/robocon.elf.dir/Drivers/STM32F1xx_HAL_Driver/Src/stm32f1xx_hal.c.obj
LOAD CMakeFiles/robocon.elf.dir/Drivers/STM32F1xx_HAL_Driver/Src/stm32f1xx_hal_adc.c.obj
LOAD CMakeFiles/robocon.elf.dir/Drivers/STM32F1xx_HAL_Driver/Src/stm32f1xx_hal_adc_ex.c.obj
LOAD CMakeFiles/robocon.elf.dir/Drivers/STM32F1xx_HAL_Driver/Src/stm32f1xx_hal_cortex.c.obj
LOAD CMakeFiles/robocon.elf.dir/Drivers/STM32F1xx_HAL_Driver/Src/stm32f1xx_hal_dma.c.obj
LOAD CMakeFiles/robocon.elf.dir/Drivers/STM32F1xx_HAL_Driver/Src/stm32f1xx_hal_exti.c.obj
LOAD CMakeFiles/robocon.elf.dir/Drivers/STM32F1xx_HAL_Driver/Src/stm32f1xx_hal_flash.c.obj
LOAD CMakeFiles/robocon.elf.dir/Drivers/STM32F1xx_HAL_Driver/Src/stm32f1xx_hal_flash_ex.c.obj
LOAD CMakeFiles/robocon.elf.dir/Drivers/STM32F1xx_HAL_Driver/Src/stm32f1xx_hal_gpio.c.obj
LOAD CMakeFiles/robocon.elf.dir/Drivers/STM32F1xx_HAL_Driver/Src/stm32f1xx_hal_gpio_ex.c.obj
LOAD CMakeFiles/robocon.elf.dir/Drivers/STM32F1xx_HAL_Driver/Src/stm32f1xx_hal_pwr.c.obj
LOAD CMakeFiles/robocon.elf.dir/Drivers/STM32F1xx_HAL_Driver/Src/stm32f1xx_hal_rcc.c.obj
LOAD CMakeFiles/robocon.elf.dir/Drivers/STM32F1xx_HAL_Driver/Src/stm32f1xx_hal_rcc_ex.c.obj
LOAD CMakeFiles/robocon.elf.dir/Drivers/STM32F1xx_HAL_Driver/Src/stm32f1xx_hal_tim.c.obj
LOAD CMakeFiles/robocon.elf.dir/Drivers/STM32F1xx_HAL_Driver/Src/stm32f1xx_hal_tim_ex.c.obj
LOAD CMakeFiles/robocon.elf.dir/Drivers/STM32F1xx_HAL_Driver/Src/stm32f1xx_hal_uart.c.obj
LOAD CMakeFiles/robocon.elf.dir/Middlewares/Third_Party/FreeRTOS/Source/CMSIS_RTOS_V2/cmsis_os2.c.obj
LOAD CMakeFiles/robocon.elf.dir/Middlewares/Third_Party/FreeRTOS/Source/croutine.c.obj
LOAD CMakeFiles/robocon.elf.dir/Middlewares/Third_Party/FreeRTOS/Source/event_groups.c.obj
LOAD CMakeFiles/robocon.elf.dir/Middlewares/Third_Party/FreeRTOS/Source/list.c.obj
LOAD CMakeFiles/robocon.elf.dir/Middlewares/Third_Party/FreeRTOS/Source/portable/GCC/ARM_CM3/port.c.obj
LOAD CMakeFiles/robocon.elf.dir/Middlewares/Third_Party/FreeRTOS/Source/portable/MemMang/heap_4.c.obj
LOAD CMakeFiles/robocon.elf.dir/Middlewares/Third_Party/FreeRTOS/Source/queue.c.obj
LOAD CMakeFiles/robocon.elf.dir/Middlewares/Third_Party/FreeRTOS/Source/stream_buffer.c.obj
LOAD CMakeFiles/robocon.elf.dir/Middlewares/Third_Party/FreeRTOS/Source/tasks.c.obj
LOAD CMakeFiles/robocon.elf.dir/Middlewares/Third_Party/FreeRTOS/Source/timers.c.obj
LOAD CMakeFiles/robocon.elf.dir/Task/Scr/encoder_task.c.obj
LOAD CMakeFiles/robocon.elf.dir/Task/Scr/keymood_Task.c.obj
LOAD CMakeFiles/robocon.elf.dir/Task/Scr/motor_task.c.obj
LOAD CMakeFiles/robocon.elf.dir/Task/Scr/pid_task.c.obj
START GROUP
LOAD d:/gcc-arm-none-eabi-10.3-2021.10-win32/gcc-arm-none-eabi-10.3-2021.10/bin/../lib/gcc/arm-none-eabi/10.3.1/thumb/v7-m/nofp\libgcc.a
LOAD d:/gcc-arm-none-eabi-10.3-2021.10-win32/gcc-arm-none-eabi-10.3-2021.10/bin/../lib/gcc/arm-none-eabi/10.3.1/../../../../arm-none-eabi/lib/thumb/v7-m/nofp\libg.a
LOAD d:/gcc-arm-none-eabi-10.3-2021.10-win32/gcc-arm-none-eabi-10.3-2021.10/bin/../lib/gcc/arm-none-eabi/10.3.1/../../../../arm-none-eabi/lib/thumb/v7-m/nofp\libc.a
END GROUP
LOAD d:/gcc-arm-none-eabi-10.3-2021.10-win32/gcc-arm-none-eabi-10.3-2021.10/bin/../lib/gcc/arm-none-eabi/10.3.1/thumb/v7-m/nofp/crtend.o
LOAD d:/gcc-arm-none-eabi-10.3-2021.10-win32/gcc-arm-none-eabi-10.3-2021.10/bin/../lib/gcc/arm-none-eabi/10.3.1/thumb/v7-m/nofp/crtn.o
                0x20005000                _estack = (ORIGIN (RAM) + LENGTH (RAM))
                0x00000200                _Min_Heap_Size = 0x200
                0x00000400                _Min_Stack_Size = 0x400

.isr_vector     0x08000000      0x10c
                0x08000000                . = ALIGN (0x4)
 *(.isr_vector)
 .isr_vector    0x08000000      0x10c CMakeFiles/robocon.elf.dir/Core/Startup/startup_stm32f103c8tx.s.obj
                0x08000000                g_pfnVectors
                0x0800010c                . = ALIGN (0x4)

.text           0x08000110     0xeaa0
                0x08000110                . = ALIGN (0x4)
 *(.text)
 .text          0x08000110      0x378 d:/gcc-arm-none-eabi-10.3-2021.10-win32/gcc-arm-none-eabi-10.3-2021.10/bin/../lib/gcc/arm-none-eabi/10.3.1/thumb/v7-m/nofp\libgcc.a(_arm_addsubdf3.o)
                0x08000110                __aeabi_drsub
                0x08000118                __aeabi_dsub
                0x08000118                __subdf3
                0x0800011c                __aeabi_dadd
                0x0800011c                __adddf3
                0x08000394                __floatunsidf
                0x08000394                __aeabi_ui2d
                0x080003b4                __floatsidf
                0x080003b4                __aeabi_i2d
                0x080003d8                __aeabi_f2d
                0x080003d8                __extendsfdf2
                0x0800041c                __floatundidf
                0x0800041c                __aeabi_ul2d
                0x0800042c                __floatdidf
                0x0800042c                __aeabi_l2d
 .text          0x08000488      0x424 d:/gcc-arm-none-eabi-10.3-2021.10-win32/gcc-arm-none-eabi-10.3-2021.10/bin/../lib/gcc/arm-none-eabi/10.3.1/thumb/v7-m/nofp\libgcc.a(_arm_muldivdf3.o)
                0x08000488                __aeabi_dmul
                0x08000488                __muldf3
                0x080006dc                __divdf3
                0x080006dc                __aeabi_ddiv
 .text          0x080008ac       0x50 d:/gcc-arm-none-eabi-10.3-2021.10-win32/gcc-arm-none-eabi-10.3-2021.10/bin/../lib/gcc/arm-none-eabi/10.3.1/thumb/v7-m/nofp\libgcc.a(_arm_fixdfsi.o)
                0x080008ac                __aeabi_d2iz
                0x080008ac                __fixdfsi
 .text          0x080008fc       0xa0 d:/gcc-arm-none-eabi-10.3-2021.10-win32/gcc-arm-none-eabi-10.3-2021.10/bin/../lib/gcc/arm-none-eabi/10.3.1/thumb/v7-m/nofp\libgcc.a(_arm_truncdfsf2.o)
                0x080008fc                __truncdfsf2
                0x080008fc                __aeabi_d2f
 .text          0x0800099c      0x21c d:/gcc-arm-none-eabi-10.3-2021.10-win32/gcc-arm-none-eabi-10.3-2021.10/bin/../lib/gcc/arm-none-eabi/10.3.1/thumb/v7-m/nofp\libgcc.a(_arm_addsubsf3.o)
                0x0800099c                __aeabi_frsub
                0x080009a4                __subsf3
                0x080009a4                __aeabi_fsub
                0x080009a8                __aeabi_fadd
                0x080009a8                __addsf3
                0x08000b08                __aeabi_ui2f
                0x08000b08                __floatunsisf
                0x08000b10                __aeabi_i2f
                0x08000b10                __floatsisf
                0x08000b2c                __aeabi_ul2f
                0x08000b2c                __floatundisf
                0x08000b3c                __aeabi_l2f
                0x08000b3c                __floatdisf
 .text          0x08000bb8      0x2a0 d:/gcc-arm-none-eabi-10.3-2021.10-win32/gcc-arm-none-eabi-10.3-2021.10/bin/../lib/gcc/arm-none-eabi/10.3.1/thumb/v7-m/nofp\libgcc.a(_arm_muldivsf3.o)
                0x08000bb8                __mulsf3
                0x08000bb8                __aeabi_fmul
                0x08000d20                __aeabi_fdiv
                0x08000d20                __divsf3
 .text          0x08000e58       0xec d:/gcc-arm-none-eabi-10.3-2021.10-win32/gcc-arm-none-eabi-10.3-2021.10/bin/../lib/gcc/arm-none-eabi/10.3.1/thumb/v7-m/nofp\libgcc.a(_arm_cmpsf2.o)
                0x08000e58                __gesf2
                0x08000e58                __gtsf2
                0x08000e60                __lesf2
                0x08000e60                __ltsf2
                0x08000e68                __nesf2
                0x08000e68                __eqsf2
                0x08000e68                __cmpsf2
                0x08000ec8                __aeabi_cfrcmple
                0x08000ed0                __aeabi_cfcmpeq
                0x08000ed0                __aeabi_cfcmple
                0x08000ee0                __aeabi_fcmpeq
                0x08000ef4                __aeabi_fcmplt
                0x08000f08                __aeabi_fcmple
                0x08000f1c                __aeabi_fcmpge
                0x08000f30                __aeabi_fcmpgt
 .text          0x08000f44       0x4c d:/gcc-arm-none-eabi-10.3-2021.10-win32/gcc-arm-none-eabi-10.3-2021.10/bin/../lib/gcc/arm-none-eabi/10.3.1/thumb/v7-m/nofp\libgcc.a(_arm_fixsfsi.o)
                0x08000f44                __aeabi_f2iz
                0x08000f44                __fixsfsi
 .text          0x08000f90       0xec d:/gcc-arm-none-eabi-10.3-2021.10-win32/gcc-arm-none-eabi-10.3-2021.10/bin/../lib/gcc/arm-none-eabi/10.3.1/../../../../arm-none-eabi/lib/thumb/v7-m/nofp\libg.a(lib_a-memcpy.o)
                0x08000f90                memcpy
 .text          0x0800107c      0x110 d:/gcc-arm-none-eabi-10.3-2021.10-win32/gcc-arm-none-eabi-10.3-2021.10/bin/../lib/gcc/arm-none-eabi/10.3.1/thumb/v7-m/nofp\libgcc.a(_arm_cmpdf2.o)
                0x0800107c                __gtdf2
                0x0800107c                __gedf2
                0x08001084                __ltdf2
                0x08001084                __ledf2
                0x0800108c                __nedf2
                0x0800108c                __eqdf2
                0x0800108c                __cmpdf2
                0x08001108                __aeabi_cdrcmple
                0x08001118                __aeabi_cdcmpeq
                0x08001118                __aeabi_cdcmple
                0x08001128                __aeabi_dcmpeq
                0x0800113c                __aeabi_dcmplt
                0x08001150                __aeabi_dcmple
                0x08001164                __aeabi_dcmpge
                0x08001178                __aeabi_dcmpgt
 .text          0x0800118c       0x2c d:/gcc-arm-none-eabi-10.3-2021.10-win32/gcc-arm-none-eabi-10.3-2021.10/bin/../lib/gcc/arm-none-eabi/10.3.1/thumb/v7-m/nofp\libgcc.a(_arm_unorddf2.o)
                0x0800118c                __unorddf2
                0x0800118c                __aeabi_dcmpun
 .text          0x080011b8       0x40 d:/gcc-arm-none-eabi-10.3-2021.10-win32/gcc-arm-none-eabi-10.3-2021.10/bin/../lib/gcc/arm-none-eabi/10.3.1/thumb/v7-m/nofp\libgcc.a(_arm_fixunsdfsi.o)
                0x080011b8                __aeabi_d2uiz
                0x080011b8                __fixunsdfsi
 .text          0x080011f8       0x2c d:/gcc-arm-none-eabi-10.3-2021.10-win32/gcc-arm-none-eabi-10.3-2021.10/bin/../lib/gcc/arm-none-eabi/10.3.1/thumb/v7-m/nofp\libgcc.a(_arm_unordsf2.o)
                0x080011f8                __unordsf2
                0x080011f8                __aeabi_fcmpun
 .text          0x08001224       0x30 d:/gcc-arm-none-eabi-10.3-2021.10-win32/gcc-arm-none-eabi-10.3-2021.10/bin/../lib/gcc/arm-none-eabi/10.3.1/thumb/v7-m/nofp\libgcc.a(_aeabi_uldivmod.o)
                0x08001224                __aeabi_uldivmod
 .text          0x08001254       0x34 d:/gcc-arm-none-eabi-10.3-2021.10-win32/gcc-arm-none-eabi-10.3-2021.10/bin/../lib/gcc/arm-none-eabi/10.3.1/thumb/v7-m/nofp\libgcc.a(_fixdfdi.o)
                0x08001254                __fixdfdi
                0x08001254                __aeabi_d2lz
 .text          0x08001288       0x3c d:/gcc-arm-none-eabi-10.3-2021.10-win32/gcc-arm-none-eabi-10.3-2021.10/bin/../lib/gcc/arm-none-eabi/10.3.1/thumb/v7-m/nofp\libgcc.a(_fixunsdfdi.o)
                0x08001288                __fixunsdfdi
                0x08001288                __aeabi_d2ulz
 .text          0x080012c4      0x2d4 d:/gcc-arm-none-eabi-10.3-2021.10-win32/gcc-arm-none-eabi-10.3-2021.10/bin/../lib/gcc/arm-none-eabi/10.3.1/thumb/v7-m/nofp\libgcc.a(_udivmoddi4.o)
                0x080012c4                __udivmoddi4
 .text          0x08001598        0x4 d:/gcc-arm-none-eabi-10.3-2021.10-win32/gcc-arm-none-eabi-10.3-2021.10/bin/../lib/gcc/arm-none-eabi/10.3.1/thumb/v7-m/nofp\libgcc.a(_dvmd_tls.o)
                0x08001598                __aeabi_idiv0
                0x08001598                __aeabi_ldiv0
 *(.text*)
 .text.pid_pos_follow
                0x0800159c       0xac CMakeFiles/robocon.elf.dir/Application/Scr/pid_pos_follow.c.obj
                0x0800159c                pid_pos_follow
 .text.pid_pos_gyro
                0x08001648       0x90 CMakeFiles/robocon.elf.dir/Application/Scr/pid_pos_gyro.c.obj
                0x08001648                pid_pos_gyro
 .text.pid_vec  0x080016d8       0x40 CMakeFiles/robocon.elf.dir/Application/Scr/pid_vec.c.obj
                0x080016d8                pid_vec
 .text.usart_printf
                0x08001718       0x38 CMakeFiles/robocon.elf.dir/Bottom/Scr/debug.c.obj
                0x08001718                usart_printf
 .text.EncodorInit
                0x08001750       0x54 CMakeFiles/robocon.elf.dir/Bottom/Scr/encodor.c.obj
                0x08001750                EncodorInit
 .text.EncodorGetCounter
                0x080017a4       0x36 CMakeFiles/robocon.elf.dir/Bottom/Scr/encodor.c.obj
                0x080017a4                EncodorGetCounter
 *fill*         0x080017da        0x6 
 .text.EncodorGetPosition
                0x080017e0       0xac CMakeFiles/robocon.elf.dir/Bottom/Scr/encodor.c.obj
                0x080017e0                EncodorGetPosition
 *fill*         0x0800188c        0x4 
 .text.EncodorGetSpeed
                0x08001890       0xd0 CMakeFiles/robocon.elf.dir/Bottom/Scr/encodor.c.obj
                0x08001890                EncodorGetSpeed
 .text.GYRO_UartInit
                0x08001960       0x20 CMakeFiles/robocon.elf.dir/Bottom/Scr/gyro.c.obj
                0x08001960                GYRO_UartInit
 .text.PYRO_Angle_Consecutive
                0x08001980       0x60 CMakeFiles/robocon.elf.dir/Bottom/Scr/gyro.c.obj
                0x08001980                PYRO_Angle_Consecutive
 .text.GYRO_Data_Handler
                0x080019e0       0xb0 CMakeFiles/robocon.elf.dir/Bottom/Scr/gyro.c.obj
                0x080019e0                GYRO_Data_Handler
 .text.GYRO_Receive_Data
                0x08001a90       0x5c CMakeFiles/robocon.elf.dir/Bottom/Scr/gyro.c.obj
                0x08001a90                GYRO_Receive_Data
 .text.limit_float
                0x08001aec       0x32 CMakeFiles/robocon.elf.dir/Bottom/Scr/motor.c.obj
                0x08001aec                limit_float
 .text.limit_int
                0x08001b1e       0x18 CMakeFiles/robocon.elf.dir/Bottom/Scr/motor.c.obj
                0x08001b1e                limit_int
 *fill*         0x08001b36        0x2 
 .text.Motor_Dirctiion_Speed
                0x08001b38       0x7c CMakeFiles/robocon.elf.dir/Bottom/Scr/motor.c.obj
                0x08001b38                Motor_Dirctiion_Speed
 .text.PidInit  0x08001bb4       0x38 CMakeFiles/robocon.elf.dir/Bottom/Scr/pid.c.obj
                0x08001bb4                PidInit
 .text.setPidTarget
                0x08001bec        0x4 CMakeFiles/robocon.elf.dir/Bottom/Scr/pid.c.obj
                0x08001bec                setPidTarget
 .text.setPidTargetwithRamp
                0x08001bf0       0x18 CMakeFiles/robocon.elf.dir/Bottom/Scr/pid.c.obj
                0x08001bf0                setPidTargetwithRamp
 .text.Pid_Update_Gamp
                0x08001c08       0x9e CMakeFiles/robocon.elf.dir/Bottom/Scr/pid.c.obj
                0x08001c08                Pid_Update_Gamp
 .text.PidGet   0x08001ca6       0xca CMakeFiles/robocon.elf.dir/Bottom/Scr/pid.c.obj
                0x08001ca6                PidGet
 .text.roboinit
                0x08001d70       0xa0 CMakeFiles/robocon.elf.dir/Bottom/Scr/roboinit.c.obj
                0x08001d70                roboinit
 .text.Set_Target_UartInit
                0x08001e10       0x20 CMakeFiles/robocon.elf.dir/Bottom/Scr/set_target.c.obj
                0x08001e10                Set_Target_UartInit
 .text.Set_Target_UartIdleCallback
                0x08001e30      0x140 CMakeFiles/robocon.elf.dir/Bottom/Scr/set_target.c.obj
                0x08001e30                Set_Target_UartIdleCallback
 .text.Set_Target_UartIrqHandler
                0x08001f70       0x34 CMakeFiles/robocon.elf.dir/Bottom/Scr/set_target.c.obj
                0x08001f70                Set_Target_UartIrqHandler
 .text.MX_ADC1_Init
                0x08001fa4       0x58 CMakeFiles/robocon.elf.dir/Core/Src/adc.c.obj
                0x08001fa4                MX_ADC1_Init
 .text.MX_ADC2_Init
                0x08001ffc       0x58 CMakeFiles/robocon.elf.dir/Core/Src/adc.c.obj
                0x08001ffc                MX_ADC2_Init
 .text.HAL_ADC_MspInit
                0x08002054       0xa4 CMakeFiles/robocon.elf.dir/Core/Src/adc.c.obj
                0x08002054                HAL_ADC_MspInit
 .text.MX_DMA_Init
                0x080020f8       0x54 CMakeFiles/robocon.elf.dir/Core/Src/dma.c.obj
                0x080020f8                MX_DMA_Init
 .text.StartDefaultTask
                0x0800214c       0x10 CMakeFiles/robocon.elf.dir/Core/Src/freertos.c.obj
                0x0800214c                StartDefaultTask
 .text.Pid_Task
                0x0800215c       0x18 CMakeFiles/robocon.elf.dir/Core/Src/freertos.c.obj
                0x0800215c                Pid_Task
 .text.Encoder_Task
                0x08002174       0x18 CMakeFiles/robocon.elf.dir/Core/Src/freertos.c.obj
                0x08002174                Encoder_Task
 .text.KeyMood_Task
                0x0800218c       0x18 CMakeFiles/robocon.elf.dir/Core/Src/freertos.c.obj
                0x0800218c                KeyMood_Task
 .text.Motor_Task
                0x080021a4       0x18 CMakeFiles/robocon.elf.dir/Core/Src/freertos.c.obj
                0x080021a4                Motor_Task
 .text.MX_FREERTOS_Init
                0x080021bc       0x88 CMakeFiles/robocon.elf.dir/Core/Src/freertos.c.obj
                0x080021bc                MX_FREERTOS_Init
 .text.MX_GPIO_Init
                0x08002244       0xb0 CMakeFiles/robocon.elf.dir/Core/Src/gpio.c.obj
                0x08002244                MX_GPIO_Init
 .text.HAL_TIM_PeriodElapsedCallback
                0x080022f4       0x12 CMakeFiles/robocon.elf.dir/Core/Src/main.c.obj
                0x080022f4                HAL_TIM_PeriodElapsedCallback
 .text.Error_Handler
                0x08002306        0x4 CMakeFiles/robocon.elf.dir/Core/Src/main.c.obj
                0x08002306                Error_Handler
 .text.SystemClock_Config
                0x0800230a       0x84 CMakeFiles/robocon.elf.dir/Core/Src/main.c.obj
                0x0800230a                SystemClock_Config
 *fill*         0x0800238e        0x2 
 .text.main     0x08002390       0x7c CMakeFiles/robocon.elf.dir/Core/Src/main.c.obj
                0x08002390                main
 .text.HAL_MspInit
                0x0800240c       0x54 CMakeFiles/robocon.elf.dir/Core/Src/stm32f1xx_hal_msp.c.obj
                0x0800240c                HAL_MspInit
 .text.HAL_InitTick
                0x08002460       0xa0 CMakeFiles/robocon.elf.dir/Core/Src/stm32f1xx_hal_timebase_tim.c.obj
                0x08002460                HAL_InitTick
 .text.NMI_Handler
                0x08002500        0x2 CMakeFiles/robocon.elf.dir/Core/Src/stm32f1xx_it.c.obj
                0x08002500                NMI_Handler
 .text.HardFault_Handler
                0x08002502        0x2 CMakeFiles/robocon.elf.dir/Core/Src/stm32f1xx_it.c.obj
                0x08002502                HardFault_Handler
 .text.MemManage_Handler
                0x08002504        0x2 CMakeFiles/robocon.elf.dir/Core/Src/stm32f1xx_it.c.obj
                0x08002504                MemManage_Handler
 .text.BusFault_Handler
                0x08002506        0x2 CMakeFiles/robocon.elf.dir/Core/Src/stm32f1xx_it.c.obj
                0x08002506                BusFault_Handler
 .text.UsageFault_Handler
                0x08002508        0x2 CMakeFiles/robocon.elf.dir/Core/Src/stm32f1xx_it.c.obj
                0x08002508                UsageFault_Handler
 .text.DebugMon_Handler
                0x0800250a        0x2 CMakeFiles/robocon.elf.dir/Core/Src/stm32f1xx_it.c.obj
                0x0800250a                DebugMon_Handler
 .text.EXTI0_IRQHandler
                0x0800250c        0xa CMakeFiles/robocon.elf.dir/Core/Src/stm32f1xx_it.c.obj
                0x0800250c                EXTI0_IRQHandler
 *fill*         0x08002516        0x2 
 .text.DMA1_Channel3_IRQHandler
                0x08002518       0x10 CMakeFiles/robocon.elf.dir/Core/Src/stm32f1xx_it.c.obj
                0x08002518                DMA1_Channel3_IRQHandler
 .text.DMA1_Channel4_IRQHandler
                0x08002528       0x10 CMakeFiles/robocon.elf.dir/Core/Src/stm32f1xx_it.c.obj
                0x08002528                DMA1_Channel4_IRQHandler
 .text.DMA1_Channel5_IRQHandler
                0x08002538       0x10 CMakeFiles/robocon.elf.dir/Core/Src/stm32f1xx_it.c.obj
                0x08002538                DMA1_Channel5_IRQHandler
 .text.TIM2_IRQHandler
                0x08002548       0x10 CMakeFiles/robocon.elf.dir/Core/Src/stm32f1xx_it.c.obj
                0x08002548                TIM2_IRQHandler
 .text.USART1_IRQHandler
                0x08002558       0x18 CMakeFiles/robocon.elf.dir/Core/Src/stm32f1xx_it.c.obj
                0x08002558                USART1_IRQHandler
 .text.USART3_IRQHandler
                0x08002570       0x14 CMakeFiles/robocon.elf.dir/Core/Src/stm32f1xx_it.c.obj
                0x08002570                USART3_IRQHandler
 .text._getpid  0x08002584        0x4 CMakeFiles/robocon.elf.dir/Core/Src/syscalls.c.obj
                0x08002584                _getpid
 .text._kill    0x08002588       0x10 CMakeFiles/robocon.elf.dir/Core/Src/syscalls.c.obj
                0x08002588                _kill
 .text._exit    0x08002598        0xc CMakeFiles/robocon.elf.dir/Core/Src/syscalls.c.obj
                0x08002598                _exit
 .text._read    0x080025a4       0x20 CMakeFiles/robocon.elf.dir/Core/Src/syscalls.c.obj
                0x080025a4                _read
 .text._write   0x080025c4       0x1c CMakeFiles/robocon.elf.dir/Core/Src/syscalls.c.obj
                0x080025c4                _write
 .text._close   0x080025e0        0x6 CMakeFiles/robocon.elf.dir/Core/Src/syscalls.c.obj
                0x080025e0                _close
 .text._fstat   0x080025e6        0xa CMakeFiles/robocon.elf.dir/Core/Src/syscalls.c.obj
                0x080025e6                _fstat
 .text._isatty  0x080025f0        0x4 CMakeFiles/robocon.elf.dir/Core/Src/syscalls.c.obj
                0x080025f0                _isatty
 .text._lseek   0x080025f4        0x4 CMakeFiles/robocon.elf.dir/Core/Src/syscalls.c.obj
                0x080025f4                _lseek
 .text._sbrk    0x080025f8       0x48 CMakeFiles/robocon.elf.dir/Core/Src/sysmem.c.obj
                0x080025f8                _sbrk
 .text.SystemInit
                0x08002640        0x2 CMakeFiles/robocon.elf.dir/Core/Src/system_stm32f1xx.c.obj
                0x08002640                SystemInit
 *fill*         0x08002642        0x2 
 .text.MX_TIM3_Init
                0x08002644       0x64 CMakeFiles/robocon.elf.dir/Core/Src/tim.c.obj
                0x08002644                MX_TIM3_Init
 .text.MX_TIM4_Init
                0x080026a8       0x64 CMakeFiles/robocon.elf.dir/Core/Src/tim.c.obj
                0x080026a8                MX_TIM4_Init
 .text.HAL_TIM_PWM_MspInit
                0x0800270c       0x2c CMakeFiles/robocon.elf.dir/Core/Src/tim.c.obj
                0x0800270c                HAL_TIM_PWM_MspInit
 .text.HAL_TIM_Encoder_MspInit
                0x08002738       0xa8 CMakeFiles/robocon.elf.dir/Core/Src/tim.c.obj
                0x08002738                HAL_TIM_Encoder_MspInit
 .text.HAL_TIM_MspPostInit
                0x080027e0       0x50 CMakeFiles/robocon.elf.dir/Core/Src/tim.c.obj
                0x080027e0                HAL_TIM_MspPostInit
 .text.MX_TIM1_Init
                0x08002830       0xb8 CMakeFiles/robocon.elf.dir/Core/Src/tim.c.obj
                0x08002830                MX_TIM1_Init
 .text.MX_USART1_UART_Init
                0x080028e8       0x34 CMakeFiles/robocon.elf.dir/Core/Src/usart.c.obj
                0x080028e8                MX_USART1_UART_Init
 .text.MX_USART3_UART_Init
                0x0800291c       0x34 CMakeFiles/robocon.elf.dir/Core/Src/usart.c.obj
                0x0800291c                MX_USART3_UART_Init
 .text.HAL_UART_MspInit
                0x08002950      0x19c CMakeFiles/robocon.elf.dir/Core/Src/usart.c.obj
                0x08002950                HAL_UART_MspInit
 .text.Reset_Handler
                0x08002aec       0x48 CMakeFiles/robocon.elf.dir/Core/Startup/startup_stm32f103c8tx.s.obj
                0x08002aec                Reset_Handler
 .text.Default_Handler
                0x08002b34        0x2 CMakeFiles/robocon.elf.dir/Core/Startup/startup_stm32f103c8tx.s.obj
                0x08002b34                RTC_Alarm_IRQHandler
                0x08002b34                EXTI2_IRQHandler
                0x08002b34                TIM1_CC_IRQHandler
                0x08002b34                PVD_IRQHandler
                0x08002b34                EXTI3_IRQHandler
                0x08002b34                I2C2_EV_IRQHandler
                0x08002b34                ADC1_2_IRQHandler
                0x08002b34                SPI1_IRQHandler
                0x08002b34                TAMPER_IRQHandler
                0x08002b34                RTC_IRQHandler
                0x08002b34                DMA1_Channel7_IRQHandler
                0x08002b34                CAN1_RX1_IRQHandler
                0x08002b34                TIM4_IRQHandler
                0x08002b34                I2C1_EV_IRQHandler
                0x08002b34                DMA1_Channel6_IRQHandler
                0x08002b34                TIM3_IRQHandler
                0x08002b34                RCC_IRQHandler
                0x08002b34                TIM1_TRG_COM_IRQHandler
                0x08002b34                DMA1_Channel1_IRQHandler
                0x08002b34                Default_Handler
                0x08002b34                EXTI15_10_IRQHandler
                0x08002b34                EXTI9_5_IRQHandler
                0x08002b34                SPI2_IRQHandler
                0x08002b34                EXTI4_IRQHandler
                0x08002b34                USB_LP_CAN1_RX0_IRQHandler
                0x08002b34                USB_HP_CAN1_TX_IRQHandler
                0x08002b34                TIM1_UP_IRQHandler
                0x08002b34                WWDG_IRQHandler
                0x08002b34                TIM1_BRK_IRQHandler
                0x08002b34                EXTI1_IRQHandler
                0x08002b34                USART2_IRQHandler
                0x08002b34                I2C2_ER_IRQHandler
                0x08002b34                DMA1_Channel2_IRQHandler
                0x08002b34                CAN1_SCE_IRQHandler
                0x08002b34                FLASH_IRQHandler
                0x08002b34                I2C1_ER_IRQHandler
                0x08002b34                USBWakeUp_IRQHandler
 *fill*         0x08002b36        0x2 
 .text.HAL_Init
                0x08002b38       0x24 CMakeFiles/robocon.elf.dir/Drivers/STM32F1xx_HAL_Driver/Src/stm32f1xx_hal.c.obj
                0x08002b38                HAL_Init
 .text.HAL_IncTick
                0x08002b5c       0x18 CMakeFiles/robocon.elf.dir/Drivers/STM32F1xx_HAL_Driver/Src/stm32f1xx_hal.c.obj
                0x08002b5c                HAL_IncTick
 .text.HAL_GetTick
                0x08002b74        0xc CMakeFiles/robocon.elf.dir/Drivers/STM32F1xx_HAL_Driver/Src/stm32f1xx_hal.c.obj
                0x08002b74                HAL_GetTick
 .text.HAL_Delay
                0x08002b80       0x28 CMakeFiles/robocon.elf.dir/Drivers/STM32F1xx_HAL_Driver/Src/stm32f1xx_hal.c.obj
                0x08002b80                HAL_Delay
 .text.HAL_ADC_ConfigChannel
                0x08002ba8      0x144 CMakeFiles/robocon.elf.dir/Drivers/STM32F1xx_HAL_Driver/Src/stm32f1xx_hal_adc.c.obj
                0x08002ba8                HAL_ADC_ConfigChannel
 .text.ADC_Enable
                0x08002cec       0x88 CMakeFiles/robocon.elf.dir/Drivers/STM32F1xx_HAL_Driver/Src/stm32f1xx_hal_adc.c.obj
                0x08002cec                ADC_Enable
 .text.ADC_ConversionStop_Disable
                0x08002d74       0x56 CMakeFiles/robocon.elf.dir/Drivers/STM32F1xx_HAL_Driver/Src/stm32f1xx_hal_adc.c.obj
                0x08002d74                ADC_ConversionStop_Disable
 *fill*         0x08002dca        0x2 
 .text.HAL_ADC_Init
                0x08002dcc      0x108 CMakeFiles/robocon.elf.dir/Drivers/STM32F1xx_HAL_Driver/Src/stm32f1xx_hal_adc.c.obj
                0x08002dcc                HAL_ADC_Init
 .text.HAL_ADCEx_Calibration_Start
                0x08002ed4      0x100 CMakeFiles/robocon.elf.dir/Drivers/STM32F1xx_HAL_Driver/Src/stm32f1xx_hal_adc_ex.c.obj
                0x08002ed4                HAL_ADCEx_Calibration_Start
 .text.HAL_NVIC_SetPriorityGrouping
                0x08002fd4       0x24 CMakeFiles/robocon.elf.dir/Drivers/STM32F1xx_HAL_Driver/Src/stm32f1xx_hal_cortex.c.obj
                0x08002fd4                HAL_NVIC_SetPriorityGrouping
 .text.HAL_NVIC_SetPriority
                0x08002ff8       0x70 CMakeFiles/robocon.elf.dir/Drivers/STM32F1xx_HAL_Driver/Src/stm32f1xx_hal_cortex.c.obj
                0x08002ff8                HAL_NVIC_SetPriority
 .text.HAL_NVIC_EnableIRQ
                0x08003068       0x1c CMakeFiles/robocon.elf.dir/Drivers/STM32F1xx_HAL_Driver/Src/stm32f1xx_hal_cortex.c.obj
                0x08003068                HAL_NVIC_EnableIRQ
 .text.DMA_SetConfig
                0x08003084       0x2c CMakeFiles/robocon.elf.dir/Drivers/STM32F1xx_HAL_Driver/Src/stm32f1xx_hal_dma.c.obj
 .text.HAL_DMA_Init
                0x080030b0       0x6c CMakeFiles/robocon.elf.dir/Drivers/STM32F1xx_HAL_Driver/Src/stm32f1xx_hal_dma.c.obj
                0x080030b0                HAL_DMA_Init
 .text.HAL_DMA_Start_IT
                0x0800311c       0x76 CMakeFiles/robocon.elf.dir/Drivers/STM32F1xx_HAL_Driver/Src/stm32f1xx_hal_dma.c.obj
                0x0800311c                HAL_DMA_Start_IT
 .text.HAL_DMA_Abort
                0x08003192       0x46 CMakeFiles/robocon.elf.dir/Drivers/STM32F1xx_HAL_Driver/Src/stm32f1xx_hal_dma.c.obj
                0x08003192                HAL_DMA_Abort
 .text.HAL_DMA_Abort_IT
                0x080031d8       0x98 CMakeFiles/robocon.elf.dir/Drivers/STM32F1xx_HAL_Driver/Src/stm32f1xx_hal_dma.c.obj
                0x080031d8                HAL_DMA_Abort_IT
 .text.HAL_DMA_IRQHandler
                0x08003270      0x144 CMakeFiles/robocon.elf.dir/Drivers/STM32F1xx_HAL_Driver/Src/stm32f1xx_hal_dma.c.obj
                0x08003270                HAL_DMA_IRQHandler
 .text.HAL_GPIO_Init
                0x080033b4      0x224 CMakeFiles/robocon.elf.dir/Drivers/STM32F1xx_HAL_Driver/Src/stm32f1xx_hal_gpio.c.obj
                0x080033b4                HAL_GPIO_Init
 .text.HAL_GPIO_ReadPin
                0x080035d8        0xe CMakeFiles/robocon.elf.dir/Drivers/STM32F1xx_HAL_Driver/Src/stm32f1xx_hal_gpio.c.obj
                0x080035d8                HAL_GPIO_ReadPin
 .text.HAL_GPIO_WritePin
                0x080035e6        0xc CMakeFiles/robocon.elf.dir/Drivers/STM32F1xx_HAL_Driver/Src/stm32f1xx_hal_gpio.c.obj
                0x080035e6                HAL_GPIO_WritePin
 .text.HAL_GPIO_EXTI_Callback
                0x080035f2        0x2 CMakeFiles/robocon.elf.dir/Drivers/STM32F1xx_HAL_Driver/Src/stm32f1xx_hal_gpio.c.obj
                0x080035f2                HAL_GPIO_EXTI_Callback
 .text.HAL_GPIO_EXTI_IRQHandler
                0x080035f4       0x1c CMakeFiles/robocon.elf.dir/Drivers/STM32F1xx_HAL_Driver/Src/stm32f1xx_hal_gpio.c.obj
                0x080035f4                HAL_GPIO_EXTI_IRQHandler
 .text.RCC_Delay
                0x08003610       0x2c CMakeFiles/robocon.elf.dir/Drivers/STM32F1xx_HAL_Driver/Src/stm32f1xx_hal_rcc.c.obj
 .text.HAL_RCC_OscConfig
                0x0800363c      0x410 CMakeFiles/robocon.elf.dir/Drivers/STM32F1xx_HAL_Driver/Src/stm32f1xx_hal_rcc.c.obj
                0x0800363c                HAL_RCC_OscConfig
 .text.HAL_RCC_GetSysClockFreq
                0x08003a4c       0x54 CMakeFiles/robocon.elf.dir/Drivers/STM32F1xx_HAL_Driver/Src/stm32f1xx_hal_rcc.c.obj
                0x08003a4c                HAL_RCC_GetSysClockFreq
 .text.HAL_RCC_ClockConfig
                0x08003aa0      0x16c CMakeFiles/robocon.elf.dir/Drivers/STM32F1xx_HAL_Driver/Src/stm32f1xx_hal_rcc.c.obj
                0x08003aa0                HAL_RCC_ClockConfig
 .text.HAL_RCC_GetHCLKFreq
                0x08003c0c        0xc CMakeFiles/robocon.elf.dir/Drivers/STM32F1xx_HAL_Driver/Src/stm32f1xx_hal_rcc.c.obj
                0x08003c0c                HAL_RCC_GetHCLKFreq
 .text.HAL_RCC_GetPCLK1Freq
                0x08003c18       0x20 CMakeFiles/robocon.elf.dir/Drivers/STM32F1xx_HAL_Driver/Src/stm32f1xx_hal_rcc.c.obj
                0x08003c18                HAL_RCC_GetPCLK1Freq
 .text.HAL_RCC_GetPCLK2Freq
                0x08003c38       0x20 CMakeFiles/robocon.elf.dir/Drivers/STM32F1xx_HAL_Driver/Src/stm32f1xx_hal_rcc.c.obj
                0x08003c38                HAL_RCC_GetPCLK2Freq
 .text.HAL_RCC_GetClockConfig
                0x08003c58       0x3c CMakeFiles/robocon.elf.dir/Drivers/STM32F1xx_HAL_Driver/Src/stm32f1xx_hal_rcc.c.obj
                0x08003c58                HAL_RCC_GetClockConfig
 .text.HAL_RCCEx_PeriphCLKConfig
                0x08003c94      0x118 CMakeFiles/robocon.elf.dir/Drivers/STM32F1xx_HAL_Driver/Src/stm32f1xx_hal_rcc_ex.c.obj
                0x08003c94                HAL_RCCEx_PeriphCLKConfig
 .text.HAL_RCCEx_GetPeriphCLKFreq
                0x08003dac       0xd8 CMakeFiles/robocon.elf.dir/Drivers/STM32F1xx_HAL_Driver/Src/stm32f1xx_hal_rcc_ex.c.obj
                0x08003dac                HAL_RCCEx_GetPeriphCLKFreq
 .text.TIM_OC1_SetConfig
                0x08003e84       0x5c CMakeFiles/robocon.elf.dir/Drivers/STM32F1xx_HAL_Driver/Src/stm32f1xx_hal_tim.c.obj
 .text.TIM_OC3_SetConfig
                0x08003ee0       0x64 CMakeFiles/robocon.elf.dir/Drivers/STM32F1xx_HAL_Driver/Src/stm32f1xx_hal_tim.c.obj
 .text.TIM_OC4_SetConfig
                0x08003f44       0x48 CMakeFiles/robocon.elf.dir/Drivers/STM32F1xx_HAL_Driver/Src/stm32f1xx_hal_tim.c.obj
 .text.HAL_TIM_Base_MspInit
                0x08003f8c        0x2 CMakeFiles/robocon.elf.dir/Drivers/STM32F1xx_HAL_Driver/Src/stm32f1xx_hal_tim.c.obj
                0x08003f8c                HAL_TIM_Base_MspInit
 *fill*         0x08003f8e        0x2 
 .text.HAL_TIM_Base_Start_IT
                0x08003f90       0x68 CMakeFiles/robocon.elf.dir/Drivers/STM32F1xx_HAL_Driver/Src/stm32f1xx_hal_tim.c.obj
                0x08003f90                HAL_TIM_Base_Start_IT
 .text.HAL_TIM_OC_DelayElapsedCallback
                0x08003ff8        0x2 CMakeFiles/robocon.elf.dir/Drivers/STM32F1xx_HAL_Driver/Src/stm32f1xx_hal_tim.c.obj
                0x08003ff8                HAL_TIM_OC_DelayElapsedCallback
 .text.HAL_TIM_IC_CaptureCallback
                0x08003ffa        0x2 CMakeFiles/robocon.elf.dir/Drivers/STM32F1xx_HAL_Driver/Src/stm32f1xx_hal_tim.c.obj
                0x08003ffa                HAL_TIM_IC_CaptureCallback
 .text.HAL_TIM_PWM_PulseFinishedCallback
                0x08003ffc        0x2 CMakeFiles/robocon.elf.dir/Drivers/STM32F1xx_HAL_Driver/Src/stm32f1xx_hal_tim.c.obj
                0x08003ffc                HAL_TIM_PWM_PulseFinishedCallback
 .text.HAL_TIM_TriggerCallback
                0x08003ffe        0x2 CMakeFiles/robocon.elf.dir/Drivers/STM32F1xx_HAL_Driver/Src/stm32f1xx_hal_tim.c.obj
                0x08003ffe                HAL_TIM_TriggerCallback
 .text.HAL_TIM_IRQHandler
                0x08004000      0x17a CMakeFiles/robocon.elf.dir/Drivers/STM32F1xx_HAL_Driver/Src/stm32f1xx_hal_tim.c.obj
                0x08004000                HAL_TIM_IRQHandler
 *fill*         0x0800417a        0x2 
 .text.TIM_Base_SetConfig
                0x0800417c       0x74 CMakeFiles/robocon.elf.dir/Drivers/STM32F1xx_HAL_Driver/Src/stm32f1xx_hal_tim.c.obj
                0x0800417c                TIM_Base_SetConfig
 .text.HAL_TIM_Base_Init
                0x080041f0       0x58 CMakeFiles/robocon.elf.dir/Drivers/STM32F1xx_HAL_Driver/Src/stm32f1xx_hal_tim.c.obj
                0x080041f0                HAL_TIM_Base_Init
 .text.HAL_TIM_PWM_Init
                0x08004248       0x58 CMakeFiles/robocon.elf.dir/Drivers/STM32F1xx_HAL_Driver/Src/stm32f1xx_hal_tim.c.obj
                0x08004248                HAL_TIM_PWM_Init
 .text.HAL_TIM_Encoder_Init
                0x080042a0       0xb8 CMakeFiles/robocon.elf.dir/Drivers/STM32F1xx_HAL_Driver/Src/stm32f1xx_hal_tim.c.obj
                0x080042a0                HAL_TIM_Encoder_Init
 .text.TIM_OC2_SetConfig
                0x08004358       0x64 CMakeFiles/robocon.elf.dir/Drivers/STM32F1xx_HAL_Driver/Src/stm32f1xx_hal_tim.c.obj
                0x08004358                TIM_OC2_SetConfig
 .text.HAL_TIM_PWM_ConfigChannel
                0x080043bc       0xdc CMakeFiles/robocon.elf.dir/Drivers/STM32F1xx_HAL_Driver/Src/stm32f1xx_hal_tim.c.obj
                0x080043bc                HAL_TIM_PWM_ConfigChannel
 .text.TIM_CCxChannelCmd
                0x08004498       0x1e CMakeFiles/robocon.elf.dir/Drivers/STM32F1xx_HAL_Driver/Src/stm32f1xx_hal_tim.c.obj
                0x08004498                TIM_CCxChannelCmd
 *fill*         0x080044b6        0x2 
 .text.HAL_TIM_PWM_Start
                0x080044b8       0xdc CMakeFiles/robocon.elf.dir/Drivers/STM32F1xx_HAL_Driver/Src/stm32f1xx_hal_tim.c.obj
                0x080044b8                HAL_TIM_PWM_Start
 .text.HAL_TIM_Encoder_Start
                0x08004594       0xcc CMakeFiles/robocon.elf.dir/Drivers/STM32F1xx_HAL_Driver/Src/stm32f1xx_hal_tim.c.obj
                0x08004594                HAL_TIM_Encoder_Start
 .text.HAL_TIMEx_MasterConfigSynchronization
                0x08004660       0x6c CMakeFiles/robocon.elf.dir/Drivers/STM32F1xx_HAL_Driver/Src/stm32f1xx_hal_tim_ex.c.obj
                0x08004660                HAL_TIMEx_MasterConfigSynchronization
 .text.HAL_TIMEx_ConfigBreakDeadTime
                0x080046cc       0x52 CMakeFiles/robocon.elf.dir/Drivers/STM32F1xx_HAL_Driver/Src/stm32f1xx_hal_tim_ex.c.obj
                0x080046cc                HAL_TIMEx_ConfigBreakDeadTime
 .text.HAL_TIMEx_CommutCallback
                0x0800471e        0x2 CMakeFiles/robocon.elf.dir/Drivers/STM32F1xx_HAL_Driver/Src/stm32f1xx_hal_tim_ex.c.obj
                0x0800471e                HAL_TIMEx_CommutCallback
 .text.HAL_TIMEx_BreakCallback
                0x08004720        0x2 CMakeFiles/robocon.elf.dir/Drivers/STM32F1xx_HAL_Driver/Src/stm32f1xx_hal_tim_ex.c.obj
                0x08004720                HAL_TIMEx_BreakCallback
 .text.UART_EndTxTransfer
                0x08004722       0x20 CMakeFiles/robocon.elf.dir/Drivers/STM32F1xx_HAL_Driver/Src/stm32f1xx_hal_uart.c.obj
 .text.UART_EndRxTransfer
                0x08004742       0x5c CMakeFiles/robocon.elf.dir/Drivers/STM32F1xx_HAL_Driver/Src/stm32f1xx_hal_uart.c.obj
 .text.UART_Transmit_IT
                0x0800479e       0x60 CMakeFiles/robocon.elf.dir/Drivers/STM32F1xx_HAL_Driver/Src/stm32f1xx_hal_uart.c.obj
 *fill*         0x080047fe        0x2 
 .text.UART_SetConfig
                0x08004800       0x94 CMakeFiles/robocon.elf.dir/Drivers/STM32F1xx_HAL_Driver/Src/stm32f1xx_hal_uart.c.obj
 .text.HAL_UART_Init
                0x08004894       0x60 CMakeFiles/robocon.elf.dir/Drivers/STM32F1xx_HAL_Driver/Src/stm32f1xx_hal_uart.c.obj
                0x08004894                HAL_UART_Init
 .text.HAL_UART_Transmit_DMA
                0x080048f4       0x84 CMakeFiles/robocon.elf.dir/Drivers/STM32F1xx_HAL_Driver/Src/stm32f1xx_hal_uart.c.obj
                0x080048f4                HAL_UART_Transmit_DMA
 .text.HAL_UART_DMAStop
                0x08004978       0x84 CMakeFiles/robocon.elf.dir/Drivers/STM32F1xx_HAL_Driver/Src/stm32f1xx_hal_uart.c.obj
                0x08004978                HAL_UART_DMAStop
 .text.HAL_UART_TxCpltCallback
                0x080049fc        0x2 CMakeFiles/robocon.elf.dir/Drivers/STM32F1xx_HAL_Driver/Src/stm32f1xx_hal_uart.c.obj
                0x080049fc                HAL_UART_TxCpltCallback
 .text.UART_DMATransmitCplt
                0x080049fe       0x4c CMakeFiles/robocon.elf.dir/Drivers/STM32F1xx_HAL_Driver/Src/stm32f1xx_hal_uart.c.obj
 .text.UART_EndTransmit_IT
                0x08004a4a       0x1a CMakeFiles/robocon.elf.dir/Drivers/STM32F1xx_HAL_Driver/Src/stm32f1xx_hal_uart.c.obj
 .text.HAL_UART_TxHalfCpltCallback
                0x08004a64        0x2 CMakeFiles/robocon.elf.dir/Drivers/STM32F1xx_HAL_Driver/Src/stm32f1xx_hal_uart.c.obj
                0x08004a64                HAL_UART_TxHalfCpltCallback
 .text.UART_DMATxHalfCplt
                0x08004a66        0xa CMakeFiles/robocon.elf.dir/Drivers/STM32F1xx_HAL_Driver/Src/stm32f1xx_hal_uart.c.obj
 .text.HAL_UART_RxCpltCallback
                0x08004a70        0x2 CMakeFiles/robocon.elf.dir/Drivers/STM32F1xx_HAL_Driver/Src/stm32f1xx_hal_uart.c.obj
                0x08004a70                HAL_UART_RxCpltCallback
 .text.HAL_UART_RxHalfCpltCallback
                0x08004a72        0x2 CMakeFiles/robocon.elf.dir/Drivers/STM32F1xx_HAL_Driver/Src/stm32f1xx_hal_uart.c.obj
                0x08004a72                HAL_UART_RxHalfCpltCallback
 .text.HAL_UART_ErrorCallback
                0x08004a74        0x2 CMakeFiles/robocon.elf.dir/Drivers/STM32F1xx_HAL_Driver/Src/stm32f1xx_hal_uart.c.obj
                0x08004a74                HAL_UART_ErrorCallback
 .text.UART_DMAError
                0x08004a76       0x58 CMakeFiles/robocon.elf.dir/Drivers/STM32F1xx_HAL_Driver/Src/stm32f1xx_hal_uart.c.obj
 .text.UART_DMAAbortOnError
                0x08004ace       0x10 CMakeFiles/robocon.elf.dir/Drivers/STM32F1xx_HAL_Driver/Src/stm32f1xx_hal_uart.c.obj
 .text.HAL_UARTEx_RxEventCallback
                0x08004ade        0x2 CMakeFiles/robocon.elf.dir/Drivers/STM32F1xx_HAL_Driver/Src/stm32f1xx_hal_uart.c.obj
                0x08004ade                HAL_UARTEx_RxEventCallback
 .text.UART_Receive_IT
                0x08004ae0       0xe6 CMakeFiles/robocon.elf.dir/Drivers/STM32F1xx_HAL_Driver/Src/stm32f1xx_hal_uart.c.obj
 *fill*         0x08004bc6        0x2 
 .text.HAL_UART_IRQHandler
                0x08004bc8      0x288 CMakeFiles/robocon.elf.dir/Drivers/STM32F1xx_HAL_Driver/Src/stm32f1xx_hal_uart.c.obj
                0x08004bc8                HAL_UART_IRQHandler
 .text.UART_DMARxHalfCplt
                0x08004e50       0x1e CMakeFiles/robocon.elf.dir/Drivers/STM32F1xx_HAL_Driver/Src/stm32f1xx_hal_uart.c.obj
 .text.UART_DMAReceiveCplt
                0x08004e6e       0x9a CMakeFiles/robocon.elf.dir/Drivers/STM32F1xx_HAL_Driver/Src/stm32f1xx_hal_uart.c.obj
 .text.UART_Start_Receive_DMA
                0x08004f08       0xa4 CMakeFiles/robocon.elf.dir/Drivers/STM32F1xx_HAL_Driver/Src/stm32f1xx_hal_uart.c.obj
                0x08004f08                UART_Start_Receive_DMA
 .text.HAL_UART_Receive_DMA
                0x08004fac       0x26 CMakeFiles/robocon.elf.dir/Drivers/STM32F1xx_HAL_Driver/Src/stm32f1xx_hal_uart.c.obj
                0x08004fac                HAL_UART_Receive_DMA
 *fill*         0x08004fd2        0x2 
 .text.osKernelInitialize
                0x08004fd4       0x44 CMakeFiles/robocon.elf.dir/Middlewares/Third_Party/FreeRTOS/Source/CMSIS_RTOS_V2/cmsis_os2.c.obj
                0x08004fd4                osKernelInitialize
 .text.osKernelStart
                0x08005018       0x4c CMakeFiles/robocon.elf.dir/Middlewares/Third_Party/FreeRTOS/Source/CMSIS_RTOS_V2/cmsis_os2.c.obj
                0x08005018                osKernelStart
 .text.osThreadNew
                0x08005064       0xec CMakeFiles/robocon.elf.dir/Middlewares/Third_Party/FreeRTOS/Source/CMSIS_RTOS_V2/cmsis_os2.c.obj
                0x08005064                osThreadNew
 .text.osDelay  0x08005150       0x44 CMakeFiles/robocon.elf.dir/Middlewares/Third_Party/FreeRTOS/Source/CMSIS_RTOS_V2/cmsis_os2.c.obj
                0x08005150                osDelay
 .text.vApplicationGetIdleTaskMemory
                0x08005194       0x18 CMakeFiles/robocon.elf.dir/Middlewares/Third_Party/FreeRTOS/Source/CMSIS_RTOS_V2/cmsis_os2.c.obj
                0x08005194                vApplicationGetIdleTaskMemory
 .text.vApplicationGetTimerTaskMemory
                0x080051ac       0x18 CMakeFiles/robocon.elf.dir/Middlewares/Third_Party/FreeRTOS/Source/CMSIS_RTOS_V2/cmsis_os2.c.obj
                0x080051ac                vApplicationGetTimerTaskMemory
 .text.vListInitialise
                0x080051c4       0x16 CMakeFiles/robocon.elf.dir/Middlewares/Third_Party/FreeRTOS/Source/list.c.obj
                0x080051c4                vListInitialise
 .text.vListInitialiseItem
                0x080051da        0x6 CMakeFiles/robocon.elf.dir/Middlewares/Third_Party/FreeRTOS/Source/list.c.obj
                0x080051da                vListInitialiseItem
 .text.vListInsertEnd
                0x080051e0       0x16 CMakeFiles/robocon.elf.dir/Middlewares/Third_Party/FreeRTOS/Source/list.c.obj
                0x080051e0                vListInsertEnd
 .text.vListInsert
                0x080051f6       0x32 CMakeFiles/robocon.elf.dir/Middlewares/Third_Party/FreeRTOS/Source/list.c.obj
                0x080051f6                vListInsert
 .text.uxListRemove
                0x08005228       0x26 CMakeFiles/robocon.elf.dir/Middlewares/Third_Party/FreeRTOS/Source/list.c.obj
                0x08005228                uxListRemove
 *fill*         0x0800524e        0x2 
 .text.prvTaskExitError
                0x08005250       0x40 CMakeFiles/robocon.elf.dir/Middlewares/Third_Party/FreeRTOS/Source/portable/GCC/ARM_CM3/port.c.obj
 .text.prvPortStartFirstTask
                0x08005290       0x20 CMakeFiles/robocon.elf.dir/Middlewares/Third_Party/FreeRTOS/Source/portable/GCC/ARM_CM3/port.c.obj
 .text.pxPortInitialiseStack
                0x080052b0       0x24 CMakeFiles/robocon.elf.dir/Middlewares/Third_Party/FreeRTOS/Source/portable/GCC/ARM_CM3/port.c.obj
                0x080052b0                pxPortInitialiseStack
 *fill*         0x080052d4        0xc 
 .text.SVC_Handler
                0x080052e0       0x24 CMakeFiles/robocon.elf.dir/Middlewares/Third_Party/FreeRTOS/Source/portable/GCC/ARM_CM3/port.c.obj
                0x080052e0                SVC_Handler
 .text.vPortEnterCritical
                0x08005304       0x44 CMakeFiles/robocon.elf.dir/Middlewares/Third_Party/FreeRTOS/Source/portable/GCC/ARM_CM3/port.c.obj
                0x08005304                vPortEnterCritical
 .text.vPortExitCritical
                0x08005348       0x2c CMakeFiles/robocon.elf.dir/Middlewares/Third_Party/FreeRTOS/Source/portable/GCC/ARM_CM3/port.c.obj
                0x08005348                vPortExitCritical
 *fill*         0x08005374        0xc 
 .text.PendSV_Handler
                0x08005380       0x44 CMakeFiles/robocon.elf.dir/Middlewares/Third_Party/FreeRTOS/Source/portable/GCC/ARM_CM3/port.c.obj
                0x08005380                PendSV_Handler
 .text.SysTick_Handler
                0x080053c4       0x2c CMakeFiles/robocon.elf.dir/Middlewares/Third_Party/FreeRTOS/Source/portable/GCC/ARM_CM3/port.c.obj
                0x080053c4                SysTick_Handler
 .text.vPortSetupTimerInterrupt
                0x080053f0       0x28 CMakeFiles/robocon.elf.dir/Middlewares/Third_Party/FreeRTOS/Source/portable/GCC/ARM_CM3/port.c.obj
                0x080053f0                vPortSetupTimerInterrupt
 .text.xPortStartScheduler
                0x08005418       0xc0 CMakeFiles/robocon.elf.dir/Middlewares/Third_Party/FreeRTOS/Source/portable/GCC/ARM_CM3/port.c.obj
                0x08005418                xPortStartScheduler
 .text.vPortValidateInterruptPriority
                0x080054d8       0x5c CMakeFiles/robocon.elf.dir/Middlewares/Third_Party/FreeRTOS/Source/portable/GCC/ARM_CM3/port.c.obj
                0x080054d8                vPortValidateInterruptPriority
 .text.prvHeapInit
                0x08005534       0x68 CMakeFiles/robocon.elf.dir/Middlewares/Third_Party/FreeRTOS/Source/portable/MemMang/heap_4.c.obj
 .text.prvInsertBlockIntoFreeList
                0x0800559c       0x60 CMakeFiles/robocon.elf.dir/Middlewares/Third_Party/FreeRTOS/Source/portable/MemMang/heap_4.c.obj
 .text.pvPortMalloc
                0x080055fc       0xf0 CMakeFiles/robocon.elf.dir/Middlewares/Third_Party/FreeRTOS/Source/portable/MemMang/heap_4.c.obj
                0x080055fc                pvPortMalloc
 .text.vPortFree
                0x080056ec       0x70 CMakeFiles/robocon.elf.dir/Middlewares/Third_Party/FreeRTOS/Source/portable/MemMang/heap_4.c.obj
                0x080056ec                vPortFree
 .text.prvIsQueueFull
                0x0800575c       0x1e CMakeFiles/robocon.elf.dir/Middlewares/Third_Party/FreeRTOS/Source/queue.c.obj
 .text.prvIsQueueEmpty
                0x0800577a       0x1a CMakeFiles/robocon.elf.dir/Middlewares/Third_Party/FreeRTOS/Source/queue.c.obj
 .text.prvCopyDataToQueue
                0x08005794       0x76 CMakeFiles/robocon.elf.dir/Middlewares/Third_Party/FreeRTOS/Source/queue.c.obj
 .text.prvCopyDataFromQueue
                0x0800580a       0x24 CMakeFiles/robocon.elf.dir/Middlewares/Third_Party/FreeRTOS/Source/queue.c.obj
 .text.prvUnlockQueue
                0x0800582e       0x6e CMakeFiles/robocon.elf.dir/Middlewares/Third_Party/FreeRTOS/Source/queue.c.obj
 .text.xQueueGenericReset
                0x0800589c       0x84 CMakeFiles/robocon.elf.dir/Middlewares/Third_Party/FreeRTOS/Source/queue.c.obj
                0x0800589c                xQueueGenericReset
 .text.prvInitialiseNewQueue
                0x08005920       0x22 CMakeFiles/robocon.elf.dir/Middlewares/Third_Party/FreeRTOS/Source/queue.c.obj
 .text.xQueueGenericCreateStatic
                0x08005942       0x92 CMakeFiles/robocon.elf.dir/Middlewares/Third_Party/FreeRTOS/Source/queue.c.obj
                0x08005942                xQueueGenericCreateStatic
 .text.xQueueGenericSend
                0x080059d4      0x188 CMakeFiles/robocon.elf.dir/Middlewares/Third_Party/FreeRTOS/Source/queue.c.obj
                0x080059d4                xQueueGenericSend
 .text.xQueueGenericSendFromISR
                0x08005b5c       0xcc CMakeFiles/robocon.elf.dir/Middlewares/Third_Party/FreeRTOS/Source/queue.c.obj
                0x08005b5c                xQueueGenericSendFromISR
 .text.xQueueReceive
                0x08005c28      0x15e CMakeFiles/robocon.elf.dir/Middlewares/Third_Party/FreeRTOS/Source/queue.c.obj
                0x08005c28                xQueueReceive
 *fill*         0x08005d86        0x2 
 .text.vQueueAddToRegistry
                0x08005d88       0x28 CMakeFiles/robocon.elf.dir/Middlewares/Third_Party/FreeRTOS/Source/queue.c.obj
                0x08005d88                vQueueAddToRegistry
 .text.vQueueWaitForMessageRestricted
                0x08005db0       0x52 CMakeFiles/robocon.elf.dir/Middlewares/Third_Party/FreeRTOS/Source/queue.c.obj
                0x08005db0                vQueueWaitForMessageRestricted
 *fill*         0x08005e02        0x2 
 .text.prvResetNextTaskUnblockTime
                0x08005e04       0x2c CMakeFiles/robocon.elf.dir/Middlewares/Third_Party/FreeRTOS/Source/tasks.c.obj
 .text.prvInitialiseNewTask
                0x08005e30       0x9c CMakeFiles/robocon.elf.dir/Middlewares/Third_Party/FreeRTOS/Source/tasks.c.obj
 .text.prvInitialiseTaskLists
                0x08005ecc       0x68 CMakeFiles/robocon.elf.dir/Middlewares/Third_Party/FreeRTOS/Source/tasks.c.obj
 .text.prvAddNewTaskToReadyList
                0x08005f34       0xac CMakeFiles/robocon.elf.dir/Middlewares/Third_Party/FreeRTOS/Source/tasks.c.obj
 .text.prvDeleteTCB
                0x08005fe0       0x38 CMakeFiles/robocon.elf.dir/Middlewares/Third_Party/FreeRTOS/Source/tasks.c.obj
 .text.prvCheckTasksWaitingTermination
                0x08006018       0x4c CMakeFiles/robocon.elf.dir/Middlewares/Third_Party/FreeRTOS/Source/tasks.c.obj
 .text.prvIdleTask
                0x08006064       0x28 CMakeFiles/robocon.elf.dir/Middlewares/Third_Party/FreeRTOS/Source/tasks.c.obj
 .text.prvAddCurrentTaskToDelayedList
                0x0800608c       0x7c CMakeFiles/robocon.elf.dir/Middlewares/Third_Party/FreeRTOS/Source/tasks.c.obj
 .text.xTaskCreateStatic
                0x08006108       0x74 CMakeFiles/robocon.elf.dir/Middlewares/Third_Party/FreeRTOS/Source/tasks.c.obj
                0x08006108                xTaskCreateStatic
 .text.xTaskCreate
                0x0800617c       0x68 CMakeFiles/robocon.elf.dir/Middlewares/Third_Party/FreeRTOS/Source/tasks.c.obj
                0x0800617c                xTaskCreate
 .text.vTaskStartScheduler
                0x080061e4       0x9c CMakeFiles/robocon.elf.dir/Middlewares/Third_Party/FreeRTOS/Source/tasks.c.obj
                0x080061e4                vTaskStartScheduler
 .text.vTaskSuspendAll
                0x08006280       0x10 CMakeFiles/robocon.elf.dir/Middlewares/Third_Party/FreeRTOS/Source/tasks.c.obj
                0x08006280                vTaskSuspendAll
 .text.xTaskGetTickCount
                0x08006290        0xc CMakeFiles/robocon.elf.dir/Middlewares/Third_Party/FreeRTOS/Source/tasks.c.obj
                0x08006290                xTaskGetTickCount
 .text.xTaskIncrementTick
                0x0800629c      0x118 CMakeFiles/robocon.elf.dir/Middlewares/Third_Party/FreeRTOS/Source/tasks.c.obj
                0x0800629c                xTaskIncrementTick
 .text.xTaskResumeAll
                0x080063b4       0xf8 CMakeFiles/robocon.elf.dir/Middlewares/Third_Party/FreeRTOS/Source/tasks.c.obj
                0x080063b4                xTaskResumeAll
 .text.vTaskDelayUntil
                0x080064ac       0xa4 CMakeFiles/robocon.elf.dir/Middlewares/Third_Party/FreeRTOS/Source/tasks.c.obj
                0x080064ac                vTaskDelayUntil
 .text.vTaskDelay
                0x08006550       0x4c CMakeFiles/robocon.elf.dir/Middlewares/Third_Party/FreeRTOS/Source/tasks.c.obj
                0x08006550                vTaskDelay
 .text.vTaskSwitchContext
                0x0800659c       0x94 CMakeFiles/robocon.elf.dir/Middlewares/Third_Party/FreeRTOS/Source/tasks.c.obj
                0x0800659c                vTaskSwitchContext
 .text.vTaskPlaceOnEventList
                0x08006630       0x30 CMakeFiles/robocon.elf.dir/Middlewares/Third_Party/FreeRTOS/Source/tasks.c.obj
                0x08006630                vTaskPlaceOnEventList
 .text.vTaskPlaceOnEventListRestricted
                0x08006660       0x38 CMakeFiles/robocon.elf.dir/Middlewares/Third_Party/FreeRTOS/Source/tasks.c.obj
                0x08006660                vTaskPlaceOnEventListRestricted
 .text.xTaskRemoveFromEventList
                0x08006698       0x8c CMakeFiles/robocon.elf.dir/Middlewares/Third_Party/FreeRTOS/Source/tasks.c.obj
                0x08006698                xTaskRemoveFromEventList
 .text.vTaskInternalSetTimeOutState
                0x08006724       0x18 CMakeFiles/robocon.elf.dir/Middlewares/Third_Party/FreeRTOS/Source/tasks.c.obj
                0x08006724                vTaskInternalSetTimeOutState
 .text.xTaskCheckForTimeOut
                0x0800673c       0x84 CMakeFiles/robocon.elf.dir/Middlewares/Third_Party/FreeRTOS/Source/tasks.c.obj
                0x0800673c                xTaskCheckForTimeOut
 .text.vTaskMissedYield
                0x080067c0        0xc CMakeFiles/robocon.elf.dir/Middlewares/Third_Party/FreeRTOS/Source/tasks.c.obj
                0x080067c0                vTaskMissedYield
 .text.xTaskGetSchedulerState
                0x080067cc       0x20 CMakeFiles/robocon.elf.dir/Middlewares/Third_Party/FreeRTOS/Source/tasks.c.obj
                0x080067cc                xTaskGetSchedulerState
 .text.xTaskPriorityDisinherit
                0x080067ec       0x90 CMakeFiles/robocon.elf.dir/Middlewares/Third_Party/FreeRTOS/Source/tasks.c.obj
                0x080067ec                xTaskPriorityDisinherit
 .text.prvGetNextExpireTime
                0x0800687c       0x20 CMakeFiles/robocon.elf.dir/Middlewares/Third_Party/FreeRTOS/Source/timers.c.obj
 .text.prvInsertTimerInActiveList
                0x0800689c       0x48 CMakeFiles/robocon.elf.dir/Middlewares/Third_Party/FreeRTOS/Source/timers.c.obj
 .text.prvCheckForValidListAndQueue
                0x080068e4       0x70 CMakeFiles/robocon.elf.dir/Middlewares/Third_Party/FreeRTOS/Source/timers.c.obj
 .text.xTimerCreateTimerTask
                0x08006954       0x64 CMakeFiles/robocon.elf.dir/Middlewares/Third_Party/FreeRTOS/Source/timers.c.obj
                0x08006954                xTimerCreateTimerTask
 .text.xTimerGenericCommand
                0x080069b8       0x6c CMakeFiles/robocon.elf.dir/Middlewares/Third_Party/FreeRTOS/Source/timers.c.obj
                0x080069b8                xTimerGenericCommand
 .text.prvSwitchTimerLists
                0x08006a24       0x78 CMakeFiles/robocon.elf.dir/Middlewares/Third_Party/FreeRTOS/Source/timers.c.obj
 .text.prvSampleTimeNow
                0x08006a9c       0x2c CMakeFiles/robocon.elf.dir/Middlewares/Third_Party/FreeRTOS/Source/timers.c.obj
 .text.prvProcessExpiredTimer
                0x08006ac8       0x60 CMakeFiles/robocon.elf.dir/Middlewares/Third_Party/FreeRTOS/Source/timers.c.obj
 .text.prvProcessTimerOrBlockTask
                0x08006b28       0x74 CMakeFiles/robocon.elf.dir/Middlewares/Third_Party/FreeRTOS/Source/timers.c.obj
 .text.prvProcessReceivedCommands
                0x08006b9c       0xf8 CMakeFiles/robocon.elf.dir/Middlewares/Third_Party/FreeRTOS/Source/timers.c.obj
 .text.prvTimerTask
                0x08006c94       0x16 CMakeFiles/robocon.elf.dir/Middlewares/Third_Party/FreeRTOS/Source/timers.c.obj
 *fill*         0x08006caa        0x2 
 .text.encorder_task
                0x08006cac       0x20 CMakeFiles/robocon.elf.dir/Task/Scr/encoder_task.c.obj
                0x08006cac                encorder_task
 .text.keymood_task
                0x08006ccc      0x250 CMakeFiles/robocon.elf.dir/Task/Scr/keymood_Task.c.obj
                0x08006ccc                keymood_task
 .text.motor_task
                0x08006f1c       0xa8 CMakeFiles/robocon.elf.dir/Task/Scr/motor_task.c.obj
                0x08006f1c                motor_task
 .text.pid_task
                0x08006fc4       0xd0 CMakeFiles/robocon.elf.dir/Task/Scr/pid_task.c.obj
                0x08006fc4                pid_task
 .text.__errno  0x08007094        0xc d:/gcc-arm-none-eabi-10.3-2021.10-win32/gcc-arm-none-eabi-10.3-2021.10/bin/../lib/gcc/arm-none-eabi/10.3.1/../../../../arm-none-eabi/lib/thumb/v7-m/nofp\libg.a(lib_a-errno.o)
                0x08007094                __errno
 .text.__libc_init_array
                0x080070a0       0x48 d:/gcc-arm-none-eabi-10.3-2021.10-win32/gcc-arm-none-eabi-10.3-2021.10/bin/../lib/gcc/arm-none-eabi/10.3.1/../../../../arm-none-eabi/lib/thumb/v7-m/nofp\libg.a(lib_a-init.o)
                0x080070a0                __libc_init_array
 .text.memset   0x080070e8       0xa4 d:/gcc-arm-none-eabi-10.3-2021.10-win32/gcc-arm-none-eabi-10.3-2021.10/bin/../lib/gcc/arm-none-eabi/10.3.1/../../../../arm-none-eabi/lib/thumb/v7-m/nofp\libg.a(lib_a-memset.o)
                0x080070e8                memset
 *fill*         0x0800718c        0x4 
 .text._strtod_l
                0x08007190      0xf38 d:/gcc-arm-none-eabi-10.3-2021.10-win32/gcc-arm-none-eabi-10.3-2021.10/bin/../lib/gcc/arm-none-eabi/10.3.1/../../../../arm-none-eabi/lib/thumb/v7-m/nofp\libg.a(lib_a-strtod.o)
                0x08007190                _strtod_l
 .text.strtof   0x080080c8       0xa0 d:/gcc-arm-none-eabi-10.3-2021.10-win32/gcc-arm-none-eabi-10.3-2021.10/bin/../lib/gcc/arm-none-eabi/10.3.1/../../../../arm-none-eabi/lib/thumb/v7-m/nofp\libg.a(lib_a-strtod.o)
                0x080080c8                strtof
 .text.vsnprintf
                0x08008168       0x6c d:/gcc-arm-none-eabi-10.3-2021.10-win32/gcc-arm-none-eabi-10.3-2021.10/bin/../lib/gcc/arm-none-eabi/10.3.1/../../../../arm-none-eabi/lib/thumb/v7-m/nofp\libg.a(lib_a-vsnprintf.o)
                0x08008168                vsnprintf
 .text.rshift   0x080081d4       0xa4 d:/gcc-arm-none-eabi-10.3-2021.10-win32/gcc-arm-none-eabi-10.3-2021.10/bin/../lib/gcc/arm-none-eabi/10.3.1/../../../../arm-none-eabi/lib/thumb/v7-m/nofp\libg.a(lib_a-gdtoa-gethex.o)
 .text.__gethex
                0x08008278      0x5c4 d:/gcc-arm-none-eabi-10.3-2021.10-win32/gcc-arm-none-eabi-10.3-2021.10/bin/../lib/gcc/arm-none-eabi/10.3.1/../../../../arm-none-eabi/lib/thumb/v7-m/nofp\libg.a(lib_a-gdtoa-gethex.o)
                0x08008278                __gethex
 .text.__match  0x0800883c       0x34 d:/gcc-arm-none-eabi-10.3-2021.10-win32/gcc-arm-none-eabi-10.3-2021.10/bin/../lib/gcc/arm-none-eabi/10.3.1/../../../../arm-none-eabi/lib/thumb/v7-m/nofp\libg.a(lib_a-gdtoa-hexnan.o)
                0x0800883c                __match
 .text.__hexnan
                0x08008870      0x1ac d:/gcc-arm-none-eabi-10.3-2021.10-win32/gcc-arm-none-eabi-10.3-2021.10/bin/../lib/gcc/arm-none-eabi/10.3.1/../../../../arm-none-eabi/lib/thumb/v7-m/nofp\libg.a(lib_a-gdtoa-hexnan.o)
                0x08008870                __hexnan
 .text.__locale_mb_cur_max
                0x08008a1c        0xc d:/gcc-arm-none-eabi-10.3-2021.10-win32/gcc-arm-none-eabi-10.3-2021.10/bin/../lib/gcc/arm-none-eabi/10.3.1/../../../../arm-none-eabi/lib/thumb/v7-m/nofp\libg.a(lib_a-locale.o)
                0x08008a1c                __locale_mb_cur_max
 .text.__retarget_lock_init_recursive
                0x08008a28        0x4 d:/gcc-arm-none-eabi-10.3-2021.10-win32/gcc-arm-none-eabi-10.3-2021.10/bin/../lib/gcc/arm-none-eabi/10.3.1/../../../../arm-none-eabi/lib/thumb/v7-m/nofp\libg.a(lib_a-lock.o)
                0x08008a28                __retarget_lock_init_recursive
 .text.__retarget_lock_close_recursive
                0x08008a2c        0x4 d:/gcc-arm-none-eabi-10.3-2021.10-win32/gcc-arm-none-eabi-10.3-2021.10/bin/../lib/gcc/arm-none-eabi/10.3.1/../../../../arm-none-eabi/lib/thumb/v7-m/nofp\libg.a(lib_a-lock.o)
                0x08008a2c                __retarget_lock_close_recursive
 .text.__retarget_lock_acquire_recursive
                0x08008a30        0x4 d:/gcc-arm-none-eabi-10.3-2021.10-win32/gcc-arm-none-eabi-10.3-2021.10/bin/../lib/gcc/arm-none-eabi/10.3.1/../../../../arm-none-eabi/lib/thumb/v7-m/nofp\libg.a(lib_a-lock.o)
                0x08008a30                __retarget_lock_acquire_recursive
 .text.__retarget_lock_release_recursive
                0x08008a34        0x4 d:/gcc-arm-none-eabi-10.3-2021.10-win32/gcc-arm-none-eabi-10.3-2021.10/bin/../lib/gcc/arm-none-eabi/10.3.1/../../../../arm-none-eabi/lib/thumb/v7-m/nofp\libg.a(lib_a-lock.o)
                0x08008a34                __retarget_lock_release_recursive
 .text.__ascii_mbtowc
                0x08008a38       0x2c d:/gcc-arm-none-eabi-10.3-2021.10-win32/gcc-arm-none-eabi-10.3-2021.10/bin/../lib/gcc/arm-none-eabi/10.3.1/../../../../arm-none-eabi/lib/thumb/v7-m/nofp\libg.a(lib_a-mbtowc_r.o)
                0x08008a38                __ascii_mbtowc
 .text._Balloc  0x08008a64       0x4c d:/gcc-arm-none-eabi-10.3-2021.10-win32/gcc-arm-none-eabi-10.3-2021.10/bin/../lib/gcc/arm-none-eabi/10.3.1/../../../../arm-none-eabi/lib/thumb/v7-m/nofp\libg.a(lib_a-mprec.o)
                0x08008a64                _Balloc
 .text._Bfree   0x08008ab0       0x14 d:/gcc-arm-none-eabi-10.3-2021.10-win32/gcc-arm-none-eabi-10.3-2021.10/bin/../lib/gcc/arm-none-eabi/10.3.1/../../../../arm-none-eabi/lib/thumb/v7-m/nofp\libg.a(lib_a-mprec.o)
                0x08008ab0                _Bfree
 .text.__multadd
                0x08008ac4       0xa4 d:/gcc-arm-none-eabi-10.3-2021.10-win32/gcc-arm-none-eabi-10.3-2021.10/bin/../lib/gcc/arm-none-eabi/10.3.1/../../../../arm-none-eabi/lib/thumb/v7-m/nofp\libg.a(lib_a-mprec.o)
                0x08008ac4                __multadd
 .text.__s2b    0x08008b68       0xb4 d:/gcc-arm-none-eabi-10.3-2021.10-win32/gcc-arm-none-eabi-10.3-2021.10/bin/../lib/gcc/arm-none-eabi/10.3.1/../../../../arm-none-eabi/lib/thumb/v7-m/nofp\libg.a(lib_a-mprec.o)
                0x08008b68                __s2b
 .text.__hi0bits
                0x08008c1c       0x40 d:/gcc-arm-none-eabi-10.3-2021.10-win32/gcc-arm-none-eabi-10.3-2021.10/bin/../lib/gcc/arm-none-eabi/10.3.1/../../../../arm-none-eabi/lib/thumb/v7-m/nofp\libg.a(lib_a-mprec.o)
                0x08008c1c                __hi0bits
 .text.__lo0bits
                0x08008c5c       0x58 d:/gcc-arm-none-eabi-10.3-2021.10-win32/gcc-arm-none-eabi-10.3-2021.10/bin/../lib/gcc/arm-none-eabi/10.3.1/../../../../arm-none-eabi/lib/thumb/v7-m/nofp\libg.a(lib_a-mprec.o)
                0x08008c5c                __lo0bits
 .text.__i2b    0x08008cb4       0x5c d:/gcc-arm-none-eabi-10.3-2021.10-win32/gcc-arm-none-eabi-10.3-2021.10/bin/../lib/gcc/arm-none-eabi/10.3.1/../../../../arm-none-eabi/lib/thumb/v7-m/nofp\libg.a(lib_a-mprec.o)
                0x08008cb4                __i2b
 .text.__multiply
                0x08008d10      0x15c d:/gcc-arm-none-eabi-10.3-2021.10-win32/gcc-arm-none-eabi-10.3-2021.10/bin/../lib/gcc/arm-none-eabi/10.3.1/../../../../arm-none-eabi/lib/thumb/v7-m/nofp\libg.a(lib_a-mprec.o)
                0x08008d10                __multiply
 .text.__pow5mult
                0x08008e6c       0xb8 d:/gcc-arm-none-eabi-10.3-2021.10-win32/gcc-arm-none-eabi-10.3-2021.10/bin/../lib/gcc/arm-none-eabi/10.3.1/../../../../arm-none-eabi/lib/thumb/v7-m/nofp\libg.a(lib_a-mprec.o)
                0x08008e6c                __pow5mult
 .text.__lshift
                0x08008f24       0xec d:/gcc-arm-none-eabi-10.3-2021.10-win32/gcc-arm-none-eabi-10.3-2021.10/bin/../lib/gcc/arm-none-eabi/10.3.1/../../../../arm-none-eabi/lib/thumb/v7-m/nofp\libg.a(lib_a-mprec.o)
                0x08008f24                __lshift
 .text.__mcmp   0x08009010       0x40 d:/gcc-arm-none-eabi-10.3-2021.10-win32/gcc-arm-none-eabi-10.3-2021.10/bin/../lib/gcc/arm-none-eabi/10.3.1/../../../../arm-none-eabi/lib/thumb/v7-m/nofp\libg.a(lib_a-mprec.o)
                0x08009010                __mcmp
 .text.__mdiff  0x08009050      0x14c d:/gcc-arm-none-eabi-10.3-2021.10-win32/gcc-arm-none-eabi-10.3-2021.10/bin/../lib/gcc/arm-none-eabi/10.3.1/../../../../arm-none-eabi/lib/thumb/v7-m/nofp\libg.a(lib_a-mprec.o)
                0x08009050                __mdiff
 .text.__ulp    0x0800919c       0x44 d:/gcc-arm-none-eabi-10.3-2021.10-win32/gcc-arm-none-eabi-10.3-2021.10/bin/../lib/gcc/arm-none-eabi/10.3.1/../../../../arm-none-eabi/lib/thumb/v7-m/nofp\libg.a(lib_a-mprec.o)
                0x0800919c                __ulp
 .text.__b2d    0x080091e0       0xd0 d:/gcc-arm-none-eabi-10.3-2021.10-win32/gcc-arm-none-eabi-10.3-2021.10/bin/../lib/gcc/arm-none-eabi/10.3.1/../../../../arm-none-eabi/lib/thumb/v7-m/nofp\libg.a(lib_a-mprec.o)
                0x080091e0                __b2d
 .text.__d2b    0x080092b0       0xc4 d:/gcc-arm-none-eabi-10.3-2021.10-win32/gcc-arm-none-eabi-10.3-2021.10/bin/../lib/gcc/arm-none-eabi/10.3.1/../../../../arm-none-eabi/lib/thumb/v7-m/nofp\libg.a(lib_a-mprec.o)
                0x080092b0                __d2b
 .text.__ratio  0x08009374       0x60 d:/gcc-arm-none-eabi-10.3-2021.10-win32/gcc-arm-none-eabi-10.3-2021.10/bin/../lib/gcc/arm-none-eabi/10.3.1/../../../../arm-none-eabi/lib/thumb/v7-m/nofp\libg.a(lib_a-mprec.o)
                0x08009374                __ratio
 .text.__copybits
                0x080093d4       0x60 d:/gcc-arm-none-eabi-10.3-2021.10-win32/gcc-arm-none-eabi-10.3-2021.10/bin/../lib/gcc/arm-none-eabi/10.3.1/../../../../arm-none-eabi/lib/thumb/v7-m/nofp\libg.a(lib_a-mprec.o)
                0x080093d4                __copybits
 .text.__any_on
                0x08009434       0x60 d:/gcc-arm-none-eabi-10.3-2021.10-win32/gcc-arm-none-eabi-10.3-2021.10/bin/../lib/gcc/arm-none-eabi/10.3.1/../../../../arm-none-eabi/lib/thumb/v7-m/nofp\libg.a(lib_a-mprec.o)
                0x08009434                __any_on
 .text.nan      0x08009494        0xc d:/gcc-arm-none-eabi-10.3-2021.10-win32/gcc-arm-none-eabi-10.3-2021.10/bin/../lib/gcc/arm-none-eabi/10.3.1/../../../../arm-none-eabi/lib/thumb/v7-m/nofp\libg.a(lib_a-s_nan.o)
                0x08009494                nan
 .text.nanf     0x080094a0        0x8 d:/gcc-arm-none-eabi-10.3-2021.10-win32/gcc-arm-none-eabi-10.3-2021.10/bin/../lib/gcc/arm-none-eabi/10.3.1/../../../../arm-none-eabi/lib/thumb/v7-m/nofp\libg.a(lib_a-sf_nan.o)
                0x080094a0                nanf
 .text.strlen   0x080094a8       0x5c d:/gcc-arm-none-eabi-10.3-2021.10-win32/gcc-arm-none-eabi-10.3-2021.10/bin/../lib/gcc/arm-none-eabi/10.3.1/../../../../arm-none-eabi/lib/thumb/v7-m/nofp\libg.a(lib_a-strlen-stub.o)
                0x080094a8                strlen
 .text.strncmp  0x08009504       0x7c d:/gcc-arm-none-eabi-10.3-2021.10-win32/gcc-arm-none-eabi-10.3-2021.10/bin/../lib/gcc/arm-none-eabi/10.3.1/../../../../arm-none-eabi/lib/thumb/v7-m/nofp\libg.a(lib_a-strncmp.o)
                0x08009504                strncmp
 .text._svfprintf_r
                0x08009580     0x1aa4 d:/gcc-arm-none-eabi-10.3-2021.10-win32/gcc-arm-none-eabi-10.3-2021.10/bin/../lib/gcc/arm-none-eabi/10.3.1/../../../../arm-none-eabi/lib/thumb/v7-m/nofp\libg.a(lib_a-svfprintf.o)
                0x08009580                _svfprintf_r
 .text.__ascii_wctomb
                0x0800b024       0x1c d:/gcc-arm-none-eabi-10.3-2021.10-win32/gcc-arm-none-eabi-10.3-2021.10/bin/../lib/gcc/arm-none-eabi/10.3.1/../../../../arm-none-eabi/lib/thumb/v7-m/nofp\libg.a(lib_a-wctomb_r.o)
                0x0800b024                __ascii_wctomb
 .text.__assert_func
                0x0800b040       0x40 d:/gcc-arm-none-eabi-10.3-2021.10-win32/gcc-arm-none-eabi-10.3-2021.10/bin/../lib/gcc/arm-none-eabi/10.3.1/../../../../arm-none-eabi/lib/thumb/v7-m/nofp\libg.a(lib_a-assert.o)
                0x0800b040                __assert_func
 .text._calloc_r
                0x0800b080       0x78 d:/gcc-arm-none-eabi-10.3-2021.10-win32/gcc-arm-none-eabi-10.3-2021.10/bin/../lib/gcc/arm-none-eabi/10.3.1/../../../../arm-none-eabi/lib/thumb/v7-m/nofp\libg.a(lib_a-callocr.o)
                0x0800b080                _calloc_r
 .text.quorem   0x0800b0f8      0x12c d:/gcc-arm-none-eabi-10.3-2021.10-win32/gcc-arm-none-eabi-10.3-2021.10/bin/../lib/gcc/arm-none-eabi/10.3.1/../../../../arm-none-eabi/lib/thumb/v7-m/nofp\libg.a(lib_a-dtoa.o)
 *fill*         0x0800b224        0x4 
 .text._dtoa_r  0x0800b228      0xecc d:/gcc-arm-none-eabi-10.3-2021.10-win32/gcc-arm-none-eabi-10.3-2021.10/bin/../lib/gcc/arm-none-eabi/10.3.1/../../../../arm-none-eabi/lib/thumb/v7-m/nofp\libg.a(lib_a-dtoa.o)
                0x0800b228                _dtoa_r
 .text.fiprintf
                0x0800c0f4       0x28 d:/gcc-arm-none-eabi-10.3-2021.10-win32/gcc-arm-none-eabi-10.3-2021.10/bin/../lib/gcc/arm-none-eabi/10.3.1/../../../../arm-none-eabi/lib/thumb/v7-m/nofp\libg.a(lib_a-fiprintf.o)
                0x0800c0f4                fiprintf
 .text._malloc_trim_r
                0x0800c11c       0xa0 d:/gcc-arm-none-eabi-10.3-2021.10-win32/gcc-arm-none-eabi-10.3-2021.10/bin/../lib/gcc/arm-none-eabi/10.3.1/../../../../arm-none-eabi/lib/thumb/v7-m/nofp\libg.a(lib_a-freer.o)
                0x0800c11c                _malloc_trim_r
 .text._free_r  0x0800c1bc      0x200 d:/gcc-arm-none-eabi-10.3-2021.10-win32/gcc-arm-none-eabi-10.3-2021.10/bin/../lib/gcc/arm-none-eabi/10.3.1/../../../../arm-none-eabi/lib/thumb/v7-m/nofp\libg.a(lib_a-freer.o)
                0x0800c1bc                _free_r
 .text._localeconv_r
                0x0800c3bc        0x8 d:/gcc-arm-none-eabi-10.3-2021.10-win32/gcc-arm-none-eabi-10.3-2021.10/bin/../lib/gcc/arm-none-eabi/10.3.1/../../../../arm-none-eabi/lib/thumb/v7-m/nofp\libg.a(lib_a-localeconv.o)
                0x0800c3bc                _localeconv_r
 .text._malloc_r
                0x0800c3c4      0x558 d:/gcc-arm-none-eabi-10.3-2021.10-win32/gcc-arm-none-eabi-10.3-2021.10/bin/../lib/gcc/arm-none-eabi/10.3.1/../../../../arm-none-eabi/lib/thumb/v7-m/nofp\libg.a(lib_a-mallocr.o)
                0x0800c3c4                _malloc_r
 .text.memchr   0x0800c91c       0x90 d:/gcc-arm-none-eabi-10.3-2021.10-win32/gcc-arm-none-eabi-10.3-2021.10/bin/../lib/gcc/arm-none-eabi/10.3.1/../../../../arm-none-eabi/lib/thumb/v7-m/nofp\libg.a(lib_a-memchr-stub.o)
                0x0800c91c                memchr
 .text.__malloc_lock
                0x0800c9ac        0xc d:/gcc-arm-none-eabi-10.3-2021.10-win32/gcc-arm-none-eabi-10.3-2021.10/bin/../lib/gcc/arm-none-eabi/10.3.1/../../../../arm-none-eabi/lib/thumb/v7-m/nofp\libg.a(lib_a-mlock.o)
                0x0800c9ac                __malloc_lock
 .text.__malloc_unlock
                0x0800c9b8        0xc d:/gcc-arm-none-eabi-10.3-2021.10-win32/gcc-arm-none-eabi-10.3-2021.10/bin/../lib/gcc/arm-none-eabi/10.3.1/../../../../arm-none-eabi/lib/thumb/v7-m/nofp\libg.a(lib_a-mlock.o)
                0x0800c9b8                __malloc_unlock
 .text.frexp    0x0800c9c4       0x70 d:/gcc-arm-none-eabi-10.3-2021.10-win32/gcc-arm-none-eabi-10.3-2021.10/bin/../lib/gcc/arm-none-eabi/10.3.1/../../../../arm-none-eabi/lib/thumb/v7-m/nofp\libg.a(lib_a-s_frexp.o)
                0x0800c9c4                frexp
 .text._sbrk_r  0x0800ca34       0x24 d:/gcc-arm-none-eabi-10.3-2021.10-win32/gcc-arm-none-eabi-10.3-2021.10/bin/../lib/gcc/arm-none-eabi/10.3.1/../../../../arm-none-eabi/lib/thumb/v7-m/nofp\libg.a(lib_a-sbrkr.o)
                0x0800ca34                _sbrk_r
 .text.strncpy  0x0800ca58       0x68 d:/gcc-arm-none-eabi-10.3-2021.10-win32/gcc-arm-none-eabi-10.3-2021.10/bin/../lib/gcc/arm-none-eabi/10.3.1/../../../../arm-none-eabi/lib/thumb/v7-m/nofp\libg.a(lib_a-strncpy.o)
                0x0800ca58                strncpy
 .text.__ssprint_r
                0x0800cac0       0xfc d:/gcc-arm-none-eabi-10.3-2021.10-win32/gcc-arm-none-eabi-10.3-2021.10/bin/../lib/gcc/arm-none-eabi/10.3.1/../../../../arm-none-eabi/lib/thumb/v7-m/nofp\libg.a(lib_a-svfiprintf.o)
                0x0800cac0                __ssprint_r
 .text.__sprint_r.part.0
                0x0800cbbc       0x78 d:/gcc-arm-none-eabi-10.3-2021.10-win32/gcc-arm-none-eabi-10.3-2021.10/bin/../lib/gcc/arm-none-eabi/10.3.1/../../../../arm-none-eabi/lib/thumb/v7-m/nofp\libg.a(lib_a-vfiprintf.o)
 .text._vfiprintf_r
                0x0800cc34      0xd98 d:/gcc-arm-none-eabi-10.3-2021.10-win32/gcc-arm-none-eabi-10.3-2021.10/bin/../lib/gcc/arm-none-eabi/10.3.1/../../../../arm-none-eabi/lib/thumb/v7-m/nofp\libg.a(lib_a-vfiprintf.o)
                0x0800cc34                _vfiprintf_r
 .text.__sbprintf
                0x0800d9cc       0x84 d:/gcc-arm-none-eabi-10.3-2021.10-win32/gcc-arm-none-eabi-10.3-2021.10/bin/../lib/gcc/arm-none-eabi/10.3.1/../../../../arm-none-eabi/lib/thumb/v7-m/nofp\libg.a(lib_a-vfiprintf.o)
 .text.__swsetup_r
                0x0800da50       0xd4 d:/gcc-arm-none-eabi-10.3-2021.10-win32/gcc-arm-none-eabi-10.3-2021.10/bin/../lib/gcc/arm-none-eabi/10.3.1/../../../../arm-none-eabi/lib/thumb/v7-m/nofp\libg.a(lib_a-wsetup.o)
                0x0800da50                __swsetup_r
 .text.abort    0x0800db24       0x10 d:/gcc-arm-none-eabi-10.3-2021.10-win32/gcc-arm-none-eabi-10.3-2021.10/bin/../lib/gcc/arm-none-eabi/10.3.1/../../../../arm-none-eabi/lib/thumb/v7-m/nofp\libg.a(lib_a-abort.o)
                0x0800db24                abort
 .text.__sflush_r
                0x0800db34      0x124 d:/gcc-arm-none-eabi-10.3-2021.10-win32/gcc-arm-none-eabi-10.3-2021.10/bin/../lib/gcc/arm-none-eabi/10.3.1/../../../../arm-none-eabi/lib/thumb/v7-m/nofp\libg.a(lib_a-fflush.o)
                0x0800db34                __sflush_r
 .text._fflush_r
                0x0800dc58       0x5c d:/gcc-arm-none-eabi-10.3-2021.10-win32/gcc-arm-none-eabi-10.3-2021.10/bin/../lib/gcc/arm-none-eabi/10.3.1/../../../../arm-none-eabi/lib/thumb/v7-m/nofp\libg.a(lib_a-fflush.o)
                0x0800dc58                _fflush_r
 .text._cleanup_r
                0x0800dcb4        0xc d:/gcc-arm-none-eabi-10.3-2021.10-win32/gcc-arm-none-eabi-10.3-2021.10/bin/../lib/gcc/arm-none-eabi/10.3.1/../../../../arm-none-eabi/lib/thumb/v7-m/nofp\libg.a(lib_a-findfp.o)
                0x0800dcb4                _cleanup_r
 .text.__sinit  0x0800dcc0      0x10c d:/gcc-arm-none-eabi-10.3-2021.10-win32/gcc-arm-none-eabi-10.3-2021.10/bin/../lib/gcc/arm-none-eabi/10.3.1/../../../../arm-none-eabi/lib/thumb/v7-m/nofp\libg.a(lib_a-findfp.o)
                0x0800dcc0                __sinit
 .text.__sfp_lock_acquire
                0x0800ddcc        0xc d:/gcc-arm-none-eabi-10.3-2021.10-win32/gcc-arm-none-eabi-10.3-2021.10/bin/../lib/gcc/arm-none-eabi/10.3.1/../../../../arm-none-eabi/lib/thumb/v7-m/nofp\libg.a(lib_a-findfp.o)
                0x0800ddcc                __sfp_lock_acquire
 .text.__sfp_lock_release
                0x0800ddd8        0xc d:/gcc-arm-none-eabi-10.3-2021.10-win32/gcc-arm-none-eabi-10.3-2021.10/bin/../lib/gcc/arm-none-eabi/10.3.1/../../../../arm-none-eabi/lib/thumb/v7-m/nofp\libg.a(lib_a-findfp.o)
                0x0800ddd8                __sfp_lock_release
 .text.__fputwc
                0x0800dde4       0xa0 d:/gcc-arm-none-eabi-10.3-2021.10-win32/gcc-arm-none-eabi-10.3-2021.10/bin/../lib/gcc/arm-none-eabi/10.3.1/../../../../arm-none-eabi/lib/thumb/v7-m/nofp\libg.a(lib_a-fputwc.o)
                0x0800dde4                __fputwc
 .text._fputwc_r
                0x0800de84       0x68 d:/gcc-arm-none-eabi-10.3-2021.10-win32/gcc-arm-none-eabi-10.3-2021.10/bin/../lib/gcc/arm-none-eabi/10.3.1/../../../../arm-none-eabi/lib/thumb/v7-m/nofp\libg.a(lib_a-fputwc.o)
                0x0800de84                _fputwc_r
 .text.__sfvwrite_r
                0x0800deec      0x2f0 d:/gcc-arm-none-eabi-10.3-2021.10-win32/gcc-arm-none-eabi-10.3-2021.10/bin/../lib/gcc/arm-none-eabi/10.3.1/../../../../arm-none-eabi/lib/thumb/v7-m/nofp\libg.a(lib_a-fvwrite.o)
                0x0800deec                __sfvwrite_r
 .text._fwalk_reent
                0x0800e1dc       0x48 d:/gcc-arm-none-eabi-10.3-2021.10-win32/gcc-arm-none-eabi-10.3-2021.10/bin/../lib/gcc/arm-none-eabi/10.3.1/../../../../arm-none-eabi/lib/thumb/v7-m/nofp\libg.a(lib_a-fwalk.o)
                0x0800e1dc                _fwalk_reent
 .text.__smakebuf_r
                0x0800e224       0xe0 d:/gcc-arm-none-eabi-10.3-2021.10-win32/gcc-arm-none-eabi-10.3-2021.10/bin/../lib/gcc/arm-none-eabi/10.3.1/../../../../arm-none-eabi/lib/thumb/v7-m/nofp\libg.a(lib_a-makebuf.o)
                0x0800e224                __smakebuf_r
 .text.memmove  0x0800e304       0xf8 d:/gcc-arm-none-eabi-10.3-2021.10-win32/gcc-arm-none-eabi-10.3-2021.10/bin/../lib/gcc/arm-none-eabi/10.3.1/../../../../arm-none-eabi/lib/thumb/v7-m/nofp\libg.a(lib_a-memmove.o)
                0x0800e304                memmove
 .text._realloc_r
                0x0800e3fc      0x3dc d:/gcc-arm-none-eabi-10.3-2021.10-win32/gcc-arm-none-eabi-10.3-2021.10/bin/../lib/gcc/arm-none-eabi/10.3.1/../../../../arm-none-eabi/lib/thumb/v7-m/nofp\libg.a(lib_a-reallocr.o)
                0x0800e3fc                _realloc_r
 .text.raise    0x0800e7d8       0x5c d:/gcc-arm-none-eabi-10.3-2021.10-win32/gcc-arm-none-eabi-10.3-2021.10/bin/../lib/gcc/arm-none-eabi/10.3.1/../../../../arm-none-eabi/lib/thumb/v7-m/nofp\libg.a(lib_a-signal.o)
                0x0800e7d8                raise
 .text._kill_r  0x0800e834       0x28 d:/gcc-arm-none-eabi-10.3-2021.10-win32/gcc-arm-none-eabi-10.3-2021.10/bin/../lib/gcc/arm-none-eabi/10.3.1/../../../../arm-none-eabi/lib/thumb/v7-m/nofp\libg.a(lib_a-signalr.o)
                0x0800e834                _kill_r
 .text._getpid_r
                0x0800e85c        0x4 d:/gcc-arm-none-eabi-10.3-2021.10-win32/gcc-arm-none-eabi-10.3-2021.10/bin/../lib/gcc/arm-none-eabi/10.3.1/../../../../arm-none-eabi/lib/thumb/v7-m/nofp\libg.a(lib_a-signalr.o)
                0x0800e85c                _getpid_r
 .text.__sread  0x0800e860       0x24 d:/gcc-arm-none-eabi-10.3-2021.10-win32/gcc-arm-none-eabi-10.3-2021.10/bin/../lib/gcc/arm-none-eabi/10.3.1/../../../../arm-none-eabi/lib/thumb/v7-m/nofp\libg.a(lib_a-stdio.o)
                0x0800e860                __sread
 .text.__swrite
                0x0800e884       0x40 d:/gcc-arm-none-eabi-10.3-2021.10-win32/gcc-arm-none-eabi-10.3-2021.10/bin/../lib/gcc/arm-none-eabi/10.3.1/../../../../arm-none-eabi/lib/thumb/v7-m/nofp\libg.a(lib_a-stdio.o)
                0x0800e884                __swrite
 .text.__sseek  0x0800e8c4       0x20 d:/gcc-arm-none-eabi-10.3-2021.10-win32/gcc-arm-none-eabi-10.3-2021.10/bin/../lib/gcc/arm-none-eabi/10.3.1/../../../../arm-none-eabi/lib/thumb/v7-m/nofp\libg.a(lib_a-stdio.o)
                0x0800e8c4                __sseek
 .text.__sclose
                0x0800e8e4        0x8 d:/gcc-arm-none-eabi-10.3-2021.10-win32/gcc-arm-none-eabi-10.3-2021.10/bin/../lib/gcc/arm-none-eabi/10.3.1/../../../../arm-none-eabi/lib/thumb/v7-m/nofp\libg.a(lib_a-stdio.o)
                0x0800e8e4                __sclose
 .text.__swbuf_r
                0x0800e8ec       0xb0 d:/gcc-arm-none-eabi-10.3-2021.10-win32/gcc-arm-none-eabi-10.3-2021.10/bin/../lib/gcc/arm-none-eabi/10.3.1/../../../../arm-none-eabi/lib/thumb/v7-m/nofp\libg.a(lib_a-wbuf.o)
                0x0800e8ec                __swbuf_r
 .text._wcrtomb_r
                0x0800e99c       0x3c d:/gcc-arm-none-eabi-10.3-2021.10-win32/gcc-arm-none-eabi-10.3-2021.10/bin/../lib/gcc/arm-none-eabi/10.3.1/../../../../arm-none-eabi/lib/thumb/v7-m/nofp\libg.a(lib_a-wcrtomb.o)
                0x0800e99c                _wcrtomb_r
 .text._write_r
                0x0800e9d8       0x2c d:/gcc-arm-none-eabi-10.3-2021.10-win32/gcc-arm-none-eabi-10.3-2021.10/bin/../lib/gcc/arm-none-eabi/10.3.1/../../../../arm-none-eabi/lib/thumb/v7-m/nofp\libg.a(lib_a-writer.o)
                0x0800e9d8                _write_r
 .text._close_r
                0x0800ea04       0x24 d:/gcc-arm-none-eabi-10.3-2021.10-win32/gcc-arm-none-eabi-10.3-2021.10/bin/../lib/gcc/arm-none-eabi/10.3.1/../../../../arm-none-eabi/lib/thumb/v7-m/nofp\libg.a(lib_a-closer.o)
                0x0800ea04                _close_r
 .text._fclose_r
                0x0800ea28       0xcc d:/gcc-arm-none-eabi-10.3-2021.10-win32/gcc-arm-none-eabi-10.3-2021.10/bin/../lib/gcc/arm-none-eabi/10.3.1/../../../../arm-none-eabi/lib/thumb/v7-m/nofp\libg.a(lib_a-fclose.o)
                0x0800ea28                _fclose_r
 .text._fstat_r
                0x0800eaf4       0x28 d:/gcc-arm-none-eabi-10.3-2021.10-win32/gcc-arm-none-eabi-10.3-2021.10/bin/../lib/gcc/arm-none-eabi/10.3.1/../../../../arm-none-eabi/lib/thumb/v7-m/nofp\libg.a(lib_a-fstatr.o)
                0x0800eaf4                _fstat_r
 .text._isatty_r
                0x0800eb1c       0x24 d:/gcc-arm-none-eabi-10.3-2021.10-win32/gcc-arm-none-eabi-10.3-2021.10/bin/../lib/gcc/arm-none-eabi/10.3.1/../../../../arm-none-eabi/lib/thumb/v7-m/nofp\libg.a(lib_a-isattyr.o)
                0x0800eb1c                _isatty_r
 .text._lseek_r
                0x0800eb40       0x2c d:/gcc-arm-none-eabi-10.3-2021.10-win32/gcc-arm-none-eabi-10.3-2021.10/bin/../lib/gcc/arm-none-eabi/10.3.1/../../../../arm-none-eabi/lib/thumb/v7-m/nofp\libg.a(lib_a-lseekr.o)
                0x0800eb40                _lseek_r
 .text._read_r  0x0800eb6c       0x2c d:/gcc-arm-none-eabi-10.3-2021.10-win32/gcc-arm-none-eabi-10.3-2021.10/bin/../lib/gcc/arm-none-eabi/10.3.1/../../../../arm-none-eabi/lib/thumb/v7-m/nofp\libg.a(lib_a-readr.o)
                0x0800eb6c                _read_r
 *(.glue_7)
 .glue_7        0x0800eb98        0x0 linker stubs
 *(.glue_7t)
 .glue_7t       0x0800eb98        0x0 linker stubs
 *(.eh_frame)
 *(.init)
 .init          0x0800eb98        0x4 d:/gcc-arm-none-eabi-10.3-2021.10-win32/gcc-arm-none-eabi-10.3-2021.10/bin/../lib/gcc/arm-none-eabi/10.3.1/thumb/v7-m/nofp/crti.o
                0x0800eb98                _init
 .init          0x0800eb9c        0x8 d:/gcc-arm-none-eabi-10.3-2021.10-win32/gcc-arm-none-eabi-10.3-2021.10/bin/../lib/gcc/arm-none-eabi/10.3.1/thumb/v7-m/nofp/crtn.o
 *(.fini)
 .fini          0x0800eba4        0x4 d:/gcc-arm-none-eabi-10.3-2021.10-win32/gcc-arm-none-eabi-10.3-2021.10/bin/../lib/gcc/arm-none-eabi/10.3.1/thumb/v7-m/nofp/crti.o
                0x0800eba4                _fini
 .fini          0x0800eba8        0x8 d:/gcc-arm-none-eabi-10.3-2021.10-win32/gcc-arm-none-eabi-10.3-2021.10/bin/../lib/gcc/arm-none-eabi/10.3.1/thumb/v7-m/nofp/crtn.o
                0x0800ebb0                . = ALIGN (0x4)
                0x0800ebb0                _etext = .

.vfp11_veneer   0x0800ebb0        0x0
 .vfp11_veneer  0x0800ebb0        0x0 linker stubs

.v4_bx          0x0800ebb0        0x0
 .v4_bx         0x0800ebb0        0x0 linker stubs

.iplt           0x0800ebb0        0x0
 .iplt          0x0800ebb0        0x0 CMakeFiles/robocon.elf.dir/Application/Scr/pid_pos_follow.c.obj

.rodata         0x0800ebb0      0x7a4
                0x0800ebb0                . = ALIGN (0x4)
 *(.rodata)
 .rodata        0x0800ebb0       0x28 CMakeFiles/robocon.elf.dir/Bottom/Scr/roboinit.c.obj
 *(.rodata*)
 .rodata.str1.4
                0x0800ebd8       0x38 CMakeFiles/robocon.elf.dir/Core/Src/freertos.c.obj
 .rodata.EncoderTask_attributes
                0x0800ec10       0x24 CMakeFiles/robocon.elf.dir/Core/Src/freertos.c.obj
                0x0800ec10                EncoderTask_attributes
 .rodata.KeyMoodTask_attributes
                0x0800ec34       0x24 CMakeFiles/robocon.elf.dir/Core/Src/freertos.c.obj
                0x0800ec34                KeyMoodTask_attributes
 .rodata.MotorTask_attributes
                0x0800ec58       0x24 CMakeFiles/robocon.elf.dir/Core/Src/freertos.c.obj
                0x0800ec58                MotorTask_attributes
 .rodata.PidTask_attributes
                0x0800ec7c       0x24 CMakeFiles/robocon.elf.dir/Core/Src/freertos.c.obj
                0x0800ec7c                PidTask_attributes
 .rodata.defaultTask_attributes
                0x0800eca0       0x24 CMakeFiles/robocon.elf.dir/Core/Src/freertos.c.obj
                0x0800eca0                defaultTask_attributes
 .rodata.AHBPrescTable
                0x0800ecc4       0x10 CMakeFiles/robocon.elf.dir/Core/Src/system_stm32f1xx.c.obj
                0x0800ecc4                AHBPrescTable
 .rodata.APBPrescTable
                0x0800ecd4        0x8 CMakeFiles/robocon.elf.dir/Core/Src/system_stm32f1xx.c.obj
                0x0800ecd4                APBPrescTable
 .rodata.aPLLMULFactorTable.1
                0x0800ecdc       0x10 CMakeFiles/robocon.elf.dir/Drivers/STM32F1xx_HAL_Driver/Src/stm32f1xx_hal_rcc.c.obj
 .rodata.aPredivFactorTable.0
                0x0800ecec        0x2 CMakeFiles/robocon.elf.dir/Drivers/STM32F1xx_HAL_Driver/Src/stm32f1xx_hal_rcc.c.obj
 *fill*         0x0800ecee        0x2 
 .rodata.aPLLMULFactorTable.1
                0x0800ecf0       0x10 CMakeFiles/robocon.elf.dir/Drivers/STM32F1xx_HAL_Driver/Src/stm32f1xx_hal_rcc_ex.c.obj
 .rodata.aPredivFactorTable.0
                0x0800ed00        0x2 CMakeFiles/robocon.elf.dir/Drivers/STM32F1xx_HAL_Driver/Src/stm32f1xx_hal_rcc_ex.c.obj
 *fill*         0x0800ed02        0x2 
 .rodata.vTaskStartScheduler.str1.4
                0x0800ed04        0x5 CMakeFiles/robocon.elf.dir/Middlewares/Third_Party/FreeRTOS/Source/tasks.c.obj
 *fill*         0x0800ed09        0x3 
 .rodata.prvCheckForValidListAndQueue.str1.4
                0x0800ed0c        0x5 CMakeFiles/robocon.elf.dir/Middlewares/Third_Party/FreeRTOS/Source/timers.c.obj
 *fill*         0x0800ed11        0x3 
 .rodata.xTimerCreateTimerTask.str1.4
                0x0800ed14        0x8 CMakeFiles/robocon.elf.dir/Middlewares/Third_Party/FreeRTOS/Source/timers.c.obj
 .rodata.pid_task.str1.4
                0x0800ed1c       0x4b CMakeFiles/robocon.elf.dir/Task/Scr/pid_task.c.obj
 *fill*         0x0800ed67        0x1 
 .rodata._strtod_l.str1.4
                0x0800ed68        0xf d:/gcc-arm-none-eabi-10.3-2021.10-win32/gcc-arm-none-eabi-10.3-2021.10/bin/../lib/gcc/arm-none-eabi/10.3.1/../../../../arm-none-eabi/lib/thumb/v7-m/nofp\libg.a(lib_a-strtod.o)
                                 0x11 (size before relaxing)
 *fill*         0x0800ed77        0x1 
 .rodata.fpi.1  0x0800ed78       0x14 d:/gcc-arm-none-eabi-10.3-2021.10-win32/gcc-arm-none-eabi-10.3-2021.10/bin/../lib/gcc/arm-none-eabi/10.3.1/../../../../arm-none-eabi/lib/thumb/v7-m/nofp\libg.a(lib_a-strtod.o)
 .rodata.fpinan.0
                0x0800ed8c       0x14 d:/gcc-arm-none-eabi-10.3-2021.10-win32/gcc-arm-none-eabi-10.3-2021.10/bin/../lib/gcc/arm-none-eabi/10.3.1/../../../../arm-none-eabi/lib/thumb/v7-m/nofp\libg.a(lib_a-strtod.o)
 .rodata.tinytens
                0x0800eda0       0x28 d:/gcc-arm-none-eabi-10.3-2021.10-win32/gcc-arm-none-eabi-10.3-2021.10/bin/../lib/gcc/arm-none-eabi/10.3.1/../../../../arm-none-eabi/lib/thumb/v7-m/nofp\libg.a(lib_a-strtod.o)
 .rodata.__gethex.str1.4
                0x0800edc8       0x9a d:/gcc-arm-none-eabi-10.3-2021.10-win32/gcc-arm-none-eabi-10.3-2021.10/bin/../lib/gcc/arm-none-eabi/10.3.1/../../../../arm-none-eabi/lib/thumb/v7-m/nofp\libg.a(lib_a-gdtoa-gethex.o)
 *fill*         0x0800ee62        0x2 
 .rodata.__hexdig
                0x0800ee64      0x100 d:/gcc-arm-none-eabi-10.3-2021.10-win32/gcc-arm-none-eabi-10.3-2021.10/bin/../lib/gcc/arm-none-eabi/10.3.1/../../../../arm-none-eabi/lib/thumb/v7-m/nofp\libg.a(lib_a-gdtoa-gethex.o)
                0x0800ee64                __hexdig
 .rodata.str1.4
                0x0800ef64        0x2 d:/gcc-arm-none-eabi-10.3-2021.10-win32/gcc-arm-none-eabi-10.3-2021.10/bin/../lib/gcc/arm-none-eabi/10.3.1/../../../../arm-none-eabi/lib/thumb/v7-m/nofp\libg.a(lib_a-lnumeric.o)
                                  0x5 (size before relaxing)
 *fill*         0x0800ef66        0x2 
 .rodata._C_numeric_locale
                0x0800ef68        0xc d:/gcc-arm-none-eabi-10.3-2021.10-win32/gcc-arm-none-eabi-10.3-2021.10/bin/../lib/gcc/arm-none-eabi/10.3.1/../../../../arm-none-eabi/lib/thumb/v7-m/nofp\libg.a(lib_a-lnumeric.o)
                0x0800ef68                _C_numeric_locale
 .rodata._setlocale_r.str1.4
                0x0800ef74        0xa d:/gcc-arm-none-eabi-10.3-2021.10-win32/gcc-arm-none-eabi-10.3-2021.10/bin/../lib/gcc/arm-none-eabi/10.3.1/../../../../arm-none-eabi/lib/thumb/v7-m/nofp\libg.a(lib_a-locale.o)
                                  0xd (size before relaxing)
 .rodata.str1.4
                0x0800ef7e        0x2 d:/gcc-arm-none-eabi-10.3-2021.10-win32/gcc-arm-none-eabi-10.3-2021.10/bin/../lib/gcc/arm-none-eabi/10.3.1/../../../../arm-none-eabi/lib/thumb/v7-m/nofp\libg.a(lib_a-locale.o)
 *fill*         0x0800ef7e        0x2 
 .rodata.__multadd.str1.4
                0x0800ef80       0x7f d:/gcc-arm-none-eabi-10.3-2021.10-win32/gcc-arm-none-eabi-10.3-2021.10/bin/../lib/gcc/arm-none-eabi/10.3.1/../../../../arm-none-eabi/lib/thumb/v7-m/nofp\libg.a(lib_a-mprec.o)
                                 0x93 (size before relaxing)
 *fill*         0x0800efff        0x1 
 .rodata.__mprec_bigtens
                0x0800f000       0x28 d:/gcc-arm-none-eabi-10.3-2021.10-win32/gcc-arm-none-eabi-10.3-2021.10/bin/../lib/gcc/arm-none-eabi/10.3.1/../../../../arm-none-eabi/lib/thumb/v7-m/nofp\libg.a(lib_a-mprec.o)
                0x0800f000                __mprec_bigtens
 .rodata.__mprec_tens
                0x0800f028       0xc8 d:/gcc-arm-none-eabi-10.3-2021.10-win32/gcc-arm-none-eabi-10.3-2021.10/bin/../lib/gcc/arm-none-eabi/10.3.1/../../../../arm-none-eabi/lib/thumb/v7-m/nofp\libg.a(lib_a-mprec.o)
                0x0800f028                __mprec_tens
 .rodata.p05.0  0x0800f0f0        0xc d:/gcc-arm-none-eabi-10.3-2021.10-win32/gcc-arm-none-eabi-10.3-2021.10/bin/../lib/gcc/arm-none-eabi/10.3.1/../../../../arm-none-eabi/lib/thumb/v7-m/nofp\libg.a(lib_a-mprec.o)
 .rodata._svfprintf_r.str1.4
                0x0800f0fc       0x42 d:/gcc-arm-none-eabi-10.3-2021.10-win32/gcc-arm-none-eabi-10.3-2021.10/bin/../lib/gcc/arm-none-eabi/10.3.1/../../../../arm-none-eabi/lib/thumb/v7-m/nofp\libg.a(lib_a-svfprintf.o)
 *fill*         0x0800f13e        0x2 
 .rodata.blanks.1
                0x0800f140       0x10 d:/gcc-arm-none-eabi-10.3-2021.10-win32/gcc-arm-none-eabi-10.3-2021.10/bin/../lib/gcc/arm-none-eabi/10.3.1/../../../../arm-none-eabi/lib/thumb/v7-m/nofp\libg.a(lib_a-svfprintf.o)
 .rodata.zeroes.0